Archive member included because of file (symbol)

c:/eclipse1/gnu arm/bin/../lib/gcc/arm-none-eabi/4.9.3/../../../../arm-none-eabi/lib/armv7e-m/fpu\libstdc++.a(eh_arm.o)
                              ./main.o (__cxa_end_cleanup)
c:/eclipse1/gnu arm/bin/../lib/gcc/arm-none-eabi/4.9.3/../../../../arm-none-eabi/lib/armv7e-m/fpu\libstdc++.a(eh_terminate.o)
                              c:/eclipse1/gnu arm/bin/../lib/gcc/arm-none-eabi/4.9.3/../../../../arm-none-eabi/lib/armv7e-m/fpu\libstdc++.a(eh_arm.o) (std::terminate())
c:/eclipse1/gnu arm/bin/../lib/gcc/arm-none-eabi/4.9.3/../../../../arm-none-eabi/lib/armv7e-m/fpu\libstdc++.a(eh_catch.o)
                              c:/eclipse1/gnu arm/bin/../lib/gcc/arm-none-eabi/4.9.3/../../../../arm-none-eabi/lib/armv7e-m/fpu\libstdc++.a(eh_terminate.o) (__cxa_begin_catch)
c:/eclipse1/gnu arm/bin/../lib/gcc/arm-none-eabi/4.9.3/../../../../arm-none-eabi/lib/armv7e-m/fpu\libstdc++.a(class_type_info.o)
                              ./FreeRtos/wrapper/iActiveObject.o (vtable for __cxxabiv1::__class_type_info)
c:/eclipse1/gnu arm/bin/../lib/gcc/arm-none-eabi/4.9.3/../../../../arm-none-eabi/lib/armv7e-m/fpu\libstdc++.a(eh_unex_handler.o)
                              c:/eclipse1/gnu arm/bin/../lib/gcc/arm-none-eabi/4.9.3/../../../../arm-none-eabi/lib/armv7e-m/fpu\libstdc++.a(eh_terminate.o) (__cxxabiv1::__unexpected_handler)
c:/eclipse1/gnu arm/bin/../lib/gcc/arm-none-eabi/4.9.3/../../../../arm-none-eabi/lib/armv7e-m/fpu\libstdc++.a(eh_personality.o)
                              ./main.o (__gxx_personality_v0)
c:/eclipse1/gnu arm/bin/../lib/gcc/arm-none-eabi/4.9.3/../../../../arm-none-eabi/lib/armv7e-m/fpu\libstdc++.a(eh_globals.o)
                              c:/eclipse1/gnu arm/bin/../lib/gcc/arm-none-eabi/4.9.3/../../../../arm-none-eabi/lib/armv7e-m/fpu\libstdc++.a(eh_catch.o) (__cxa_get_globals_fast)
c:/eclipse1/gnu arm/bin/../lib/gcc/arm-none-eabi/4.9.3/../../../../arm-none-eabi/lib/armv7e-m/fpu\libstdc++.a(atexit_arm.o)
                              ./Application/HyroMotor.o (__aeabi_atexit)
c:/eclipse1/gnu arm/bin/../lib/gcc/arm-none-eabi/4.9.3/../../../../arm-none-eabi/lib/armv7e-m/fpu\libstdc++.a(eh_term_handler.o)
                              c:/eclipse1/gnu arm/bin/../lib/gcc/arm-none-eabi/4.9.3/../../../../arm-none-eabi/lib/armv7e-m/fpu\libstdc++.a(eh_terminate.o) (__cxxabiv1::__terminate_handler)
c:/eclipse1/gnu arm/bin/../lib/gcc/arm-none-eabi/4.9.3/../../../../arm-none-eabi/lib/armv7e-m/fpu\libstdc++.a(si_class_type_info.o)
                              ./Application/BatteryChargeAsker.o (vtable for __cxxabiv1::__si_class_type_info)
c:/eclipse1/gnu arm/bin/../lib/gcc/arm-none-eabi/4.9.3/../../../../arm-none-eabi/lib/armv7e-m/fpu\libstdc++.a(eh_exception.o)
                              c:/eclipse1/gnu arm/bin/../lib/gcc/arm-none-eabi/4.9.3/../../../../arm-none-eabi/lib/armv7e-m/fpu\libstdc++.a(eh_arm.o) (typeinfo for __cxxabiv1::__forced_unwind)
c:/eclipse1/gnu arm/bin/../lib/gcc/arm-none-eabi/4.9.3/../../../../arm-none-eabi/lib/armv7e-m/fpu\libstdc++.a(eh_call.o)
                              c:/eclipse1/gnu arm/bin/../lib/gcc/arm-none-eabi/4.9.3/../../../../arm-none-eabi/lib/armv7e-m/fpu\libstdc++.a(eh_personality.o) (__cxa_call_terminate)
c:/eclipse1/gnu arm/bin/../lib/gcc/arm-none-eabi/4.9.3/../../../../arm-none-eabi/lib/armv7e-m/fpu\libstdc++.a(tinfo.o)
                              c:/eclipse1/gnu arm/bin/../lib/gcc/arm-none-eabi/4.9.3/../../../../arm-none-eabi/lib/armv7e-m/fpu\libstdc++.a(class_type_info.o) (std::type_info::~type_info())
c:/eclipse1/gnu arm/bin/../lib/gcc/arm-none-eabi/4.9.3/../../../../arm-none-eabi/lib/armv7e-m/fpu\libstdc++.a(eh_throw.o)
                              c:/eclipse1/gnu arm/bin/../lib/gcc/arm-none-eabi/4.9.3/../../../../arm-none-eabi/lib/armv7e-m/fpu\libstdc++.a(eh_call.o) (__cxa_throw)
c:/eclipse1/gnu arm/bin/../lib/gcc/arm-none-eabi/4.9.3/../../../../arm-none-eabi/lib/armv7e-m/fpu\libstdc++.a(eh_alloc.o)
                              c:/eclipse1/gnu arm/bin/../lib/gcc/arm-none-eabi/4.9.3/../../../../arm-none-eabi/lib/armv7e-m/fpu\libstdc++.a(eh_call.o) (__cxa_allocate_exception)
c:/eclipse1/gnu arm/bin/../lib/gcc/arm-none-eabi/4.9.3/armv7e-m/fpu\libgcc.a(_arm_addsubdf3.o)
                              ./Application/HyroMotor.o (__aeabi_dsub)
c:/eclipse1/gnu arm/bin/../lib/gcc/arm-none-eabi/4.9.3/armv7e-m/fpu\libgcc.a(_arm_muldivdf3.o)
                              ./FreeRtos/wrapper/frtosWrapper.o (__aeabi_dmul)
c:/eclipse1/gnu arm/bin/../lib/gcc/arm-none-eabi/4.9.3/armv7e-m/fpu\libgcc.a(_arm_cmpdf2.o)
                              ./Application/HyroMotor.o (__aeabi_dcmple)
c:/eclipse1/gnu arm/bin/../lib/gcc/arm-none-eabi/4.9.3/armv7e-m/fpu\libgcc.a(_arm_truncdfsf2.o)
                              ./FreeRtos/wrapper/frtosWrapper.o (__aeabi_d2f)
c:/eclipse1/gnu arm/bin/../lib/gcc/arm-none-eabi/4.9.3/armv7e-m/fpu\libgcc.a(unwind-arm.o)
[...]
Memory Configuration

Name             Origin             Length             Attributes
FLASH_BOOT       0x08000000         0x00008000         xr
FLASH_MAIN       0x08008000         0x0007a000         xr
RAM              0x20000000         0x00020000         xrw
*default*        0x00000000         0xffffffff

Linker script and memory map

LOAD c:/eclipse1/gnu arm/bin/../lib/gcc/arm-none-eabi/4.9.3/armv7e-m/fpu/crti.o
LOAD c:/eclipse1/gnu arm/bin/../lib/gcc/arm-none-eabi/4.9.3/armv7e-m/fpu/crtbegin.o
LOAD c:/eclipse1/gnu arm/bin/../lib/gcc/arm-none-eabi/4.9.3/../../../../arm-none-eabi/lib/armv7e-m/fpu/crt0.o
LOAD ./stm32f4/core/arm_common_tables.o
LOAD ./stm32f4/core/arm_cos_f32.o
LOAD ./stm32f4/core/arm_sin_f32.o
LOAD ./stm32f4/core/stm32f4xx_it.o
LOAD ./stm32f4/SPL/src/misc.o
LOAD ./stm32f4/SPL/src/stm32f4xx_adc.o
LOAD ./stm32f4/SPL/src/stm32f4xx_can.o
LOAD ./stm32f4/SPL/src/stm32f4xx_crc.o
LOAD ./stm32f4/SPL/src/stm32f4xx_cryp.o
LOAD ./stm32f4/SPL/src/stm32f4xx_cryp_aes.o
LOAD ./stm32f4/SPL/src/stm32f4xx_cryp_des.o
LOAD ./stm32f4/SPL/src/stm32f4xx_cryp_tdes.o
LOAD ./stm32f4/SPL/src/stm32f4xx_dac.o
LOAD ./stm32f4/SPL/src/stm32f4xx_dbgmcu.o
LOAD ./stm32f4/SPL/src/stm32f4xx_dcmi.o
LOAD ./stm32f4/SPL/src/stm32f4xx_dma.o
LOAD ./stm32f4/SPL/src/stm32f4xx_exti.o
LOAD ./stm32f4/SPL/src/stm32f4xx_flash.o
LOAD ./stm32f4/SPL/src/stm32f4xx_fsmc.o
LOAD ./stm32f4/SPL/src/stm32f4xx_gpio.o
LOAD ./stm32f4/SPL/src/stm32f4xx_hash.o
LOAD ./stm32f4/SPL/src/stm32f4xx_hash_md5.o
LOAD ./stm32f4/SPL/src/stm32f4xx_hash_sha1.o
LOAD ./stm32f4/SPL/src/stm32f4xx_i2c.o
LOAD ./stm32f4/SPL/src/stm32f4xx_iwdg.o
LOAD ./stm32f4/SPL/src/stm32f4xx_pwr.o
LOAD ./stm32f4/SPL/src/stm32f4xx_rcc.o
LOAD ./stm32f4/SPL/src/stm32f4xx_rng.o
LOAD ./stm32f4/SPL/src/stm32f4xx_rtc.o
LOAD ./stm32f4/SPL/src/stm32f4xx_sdio.o
LOAD ./stm32f4/SPL/src/stm32f4xx_spi.o
LOAD ./stm32f4/SPL/src/stm32f4xx_syscfg.o
LOAD ./stm32f4/SPL/src/stm32f4xx_tim.o
LOAD ./stm32f4/SPL/src/stm32f4xx_usart.o
LOAD ./stm32f4/SPL/src/stm32f4xx_wwdg.o
LOAD ./stm32f4/SPL/inc/i2c_timer.o
LOAD ./stm32f4/CMSIS/system_stm32f4xx.o
LOAD ./FreeRtos/wrapper/frtosWrapper.o
LOAD ./FreeRtos/wrapper/iActiveObject.o
LOAD ./FreeRtos/wrapper/iTimerObject.o
LOAD ./FreeRtos/croutine.o
LOAD ./FreeRtos/event_groups.o
LOAD ./FreeRtos/heap_3.o
LOAD ./FreeRtos/list.o
LOAD ./FreeRtos/port.o
LOAD ./FreeRtos/queue.o
LOAD ./FreeRtos/tasks.o
LOAD ./FreeRtos/timers.o
LOAD ./Application/BatteryChargeAsker.o
LOAD ./Application/CollisionAvoidance.o
LOAD ./Application/CollisionHandler.o
LOAD ./Application/HyroMotor.o
LOAD ./Application/InitialisationList.o
LOAD ./Application/LEDStrip.o
LOAD ./Application/MovConvert.o
LOAD ./Application/MovementControl.o
LOAD ./Application/ReadEncoders.o
LOAD ./Application/UARTtoRS485.o
LOAD ./Application/UARTuserInit.o
LOAD ./Application/USBUserInterface.o
LOAD ./LibraryHacks.o
LOAD ./Startup.o
LOAD ./main.o
LOAD c:/eclipse1/gnu arm/bin/../lib/gcc/arm-none-eabi/4.9.3/../../../../arm-none-eabi/lib/armv7e-m/fpu\libstdc++.a
LOAD c:/eclipse1/gnu arm/bin/../lib/gcc/arm-none-eabi/4.9.3/../../../../arm-none-eabi/lib/armv7e-m/fpu\libm.a
START GROUP
LOAD c:/eclipse1/gnu arm/bin/../lib/gcc/arm-none-eabi/4.9.3/armv7e-m/fpu\libgcc.a
LOAD c:/eclipse1/gnu arm/bin/../lib/gcc/arm-none-eabi/4.9.3/../../../../arm-none-eabi/lib/armv7e-m/fpu\libg.a
LOAD c:/eclipse1/gnu arm/bin/../lib/gcc/arm-none-eabi/4.9.3/../../../../arm-none-eabi/lib/armv7e-m/fpu\libc.a
END GROUP
LOAD c:/eclipse1/gnu arm/bin/../lib/gcc/arm-none-eabi/4.9.3/armv7e-m/fpu/crtend.o
LOAD c:/eclipse1/gnu arm/bin/../lib/gcc/arm-none-eabi/4.9.3/armv7e-m/fpu/crtn.o
START GROUP
LOAD c:/eclipse1/gnu arm/bin/../lib/gcc/arm-none-eabi/4.9.3/armv7e-m/fpu\libgcc.a
LOAD c:/eclipse1/gnu arm/bin/../lib/gcc/arm-none-eabi/4.9.3/../../../../arm-none-eabi/lib/armv7e-m/fpu\libc.a
LOAD c:/eclipse1/gnu arm/bin/../lib/gcc/arm-none-eabi/4.9.3/../../../../arm-none-eabi/lib/armv7e-m/fpu\libm.a
LOAD c:/eclipse1/gnu arm/bin/../lib/gcc/arm-none-eabi/4.9.3/../../../../arm-none-eabi/lib/armv7e-m/fpu\libnosys.a
END GROUP

.text_boot      0x08000000      0xfc0
 *(.isr_vector)
 .isr_vector    0x08000000      0x18c ./Startup.o
                0x08000000                __isr_vector
 *(.rodata*)
 .rodata.sinTable_f32
                0x0800018c      0x804 ./stm32f4/core/arm_common_tables.o
                0x0800018c                sinTable_f32
 .rodata._ZTI13iActiveObject
                0x08000990        0x8 ./FreeRtos/wrapper/iActiveObject.o
                0x08000990                typeinfo for iActiveObject
 .rodata._ZTV13iActiveObject
                0x08000998       0x18 ./FreeRtos/wrapper/iActiveObject.o
                0x08000998                vtable for iActiveObject
 .rodata._ZTS13iActiveObject
                0x080009b0       0x10 ./FreeRtos/wrapper/iActiveObject.o
                0x080009b0                typeinfo name for iActiveObject
 .rodata.str1.1
                0x080009c0        0x5 ./FreeRtos/tasks.o
 .rodata.str1.1
                0x080009c5        0xd ./FreeRtos/timers.o
 *fill*         0x080009d2        0x2 
 .rodata._ZTI18BatteryChargeAsker
                0x080009d4        0xc ./Application/BatteryChargeAsker.o
                0x080009d4                typeinfo for BatteryChargeAsker
 .rodata._ZTV18BatteryChargeAsker
                0x080009e0       0x20 ./Application/BatteryChargeAsker.o
                0x080009e0                vtable for BatteryChargeAsker
 .rodata._ZTS18BatteryChargeAsker
                0x08000a00       0x15 ./Application/BatteryChargeAsker.o
                0x08000a00                typeinfo name for BatteryChargeAsker
 .rodata._ZTS18CollisionAvoidance
                0x08000a15       0x15 ./Application/CollisionAvoidance.o
                0x08000a15                typeinfo name for CollisionAvoidance
 *fill*         0x08000a2a        0x2 
 .rodata._ZTI18CollisionAvoidance
                0x08000a2c        0xc ./Application/CollisionAvoidance.o
                0x08000a2c                typeinfo for CollisionAvoidance
 .rodata._ZTV18CollisionAvoidance
                0x08000a38       0x20 ./Application/CollisionAvoidance.o
                0x08000a38                vtable for CollisionAvoidance
 .rodata._ZTV16CollisionHandler
                0x08000a58       0x20 ./Application/CollisionHandler.o
                0x08000a58                vtable for CollisionHandler
 .rodata._ZTS16CollisionHandler
                0x08000a78       0x13 ./Application/CollisionHandler.o
                0x08000a78                typeinfo name for CollisionHandler
 *fill*         0x08000a8b        0x1 
 .rodata._ZTI16CollisionHandler
                0x08000a8c        0xc ./Application/CollisionHandler.o
                0x08000a8c                typeinfo for CollisionHandler
 .rodata._ZTV9HyroMotor
                0x08000a98       0x20 ./Application/HyroMotor.o
                0x08000a98                vtable for HyroMotor
 .rodata._ZTI9HyroMotor
                0x08000ab8        0xc ./Application/HyroMotor.o
                0x08000ab8                typeinfo for HyroMotor
 .rodata._ZTS9HyroMotor
                0x08000ac4        0xb ./Application/HyroMotor.o
                0x08000ac4                typeinfo name for HyroMotor
 *fill*         0x08000acf        0x1 
 .rodata._ZTI8LEDStrip
                0x08000ad0        0x8 ./Application/LEDStrip.o
                0x08000ad0                typeinfo for LEDStrip
 .rodata._ZTV8LEDStrip
                0x08000ad8       0x10 ./Application/LEDStrip.o
                0x08000ad8                vtable for LEDStrip
 .rodata._ZTS8LEDStrip
                0x08000ae8        0xa ./Application/LEDStrip.o
                0x08000ae8                typeinfo name for LEDStrip
 .rodata._ZTS12ReadEncoders
                0x08000af2        0xf ./Application/ReadEncoders.o
                0x08000af2                typeinfo name for ReadEncoders
 *fill*         0x08000b01        0x7 
 .rodata._ZTV12ReadEncoders
                0x08000b08       0x20 ./Application/ReadEncoders.o
                0x08000b08                vtable for ReadEncoders
 .rodata._ZTI12ReadEncoders
                0x08000b28        0xc ./Application/ReadEncoders.o
                0x08000b28                typeinfo for ReadEncoders
 .rodata._ZL8aucCRCLo
                0x08000b34      0x100 ./Application/UARTtoRS485.o
 .rodata._ZL8aucCRCHi
                0x08000c34      0x100 ./Application/UARTtoRS485.o
 *fill*         0x08000d34        0x4 
 .rodata._ZTV11UARTtoRS485
                0x08000d38       0x10 ./Application/UARTtoRS485.o
                0x08000d38                vtable for UARTtoRS485
 .rodata._ZTS11UARTtoRS485
                0x08000d48        0xe ./Application/UARTtoRS485.o
                0x08000d48                typeinfo name for UARTtoRS485
 *fill*         0x08000d56        0x2 
 .rodata._ZTI11UARTtoRS485
                0x08000d58        0x8 ./Application/UARTtoRS485.o
                0x08000d58                typeinfo for UARTtoRS485
 .rodata._ZTI12UARTuserInit
                0x08000d60        0x8 ./Application/UARTuserInit.o
                0x08000d60                typeinfo for UARTuserInit
 .rodata._ZTS12UARTuserInit
                0x08000d68        0xf ./Application/UARTuserInit.o
                0x08000d68                typeinfo name for UARTuserInit
 *fill*         0x08000d77        0x1 
 .rodata._ZTV12UARTuserInit
                0x08000d78       0x10 ./Application/UARTuserInit.o
                0x08000d78                vtable for UARTuserInit
 .rodata._ZTV16USBUserInterface
                0x08000d88       0x20 ./Application/USBUserInterface.o
                0x08000d88                vtable for USBUserInterface
 .rodata._ZTS16USBUserInterface
                0x08000da8       0x13 ./Application/USBUserInterface.o
                0x08000da8                typeinfo name for USBUserInterface
 *fill*         0x08000dbb        0x1 
 .rodata._ZTI16USBUserInterface
                0x08000dbc        0xc ./Application/USBUserInterface.o
                0x08000dbc                typeinfo for USBUserInterface
 .rodata.str1.1
                0x08000dc8       0x45 ./main.o
 *fill*         0x08000e0d        0x3 
 .rodata._ZTVN10__cxxabiv117__class_type_infoE
                0x08000e10       0x30 c:/eclipse1/gnu arm/bin/../lib/gcc/arm-none-eabi/4.9.3/../../../../arm-none-eabi/lib/armv7e-m/fpu\libstdc++.a(class_type_info.o)
                0x08000e10                vtable for __cxxabiv1::__class_type_info
 .rodata._ZTIN10__cxxabiv117__class_type_infoE
                0x08000e40        0xc c:/eclipse1/gnu arm/bin/../lib/gcc/arm-none-eabi/4.9.3/../../../../arm-none-eabi/lib/armv7e-m/fpu\libstdc++.a(class_type_info.o)
                0x08000e40                typeinfo for __cxxabiv1::__class_type_info
 .rodata._ZTSN10__cxxabiv117__class_type_infoE
                0x08000e4c       0x24 c:/eclipse1/gnu arm/bin/../lib/gcc/arm-none-eabi/4.9.3/../../../../arm-none-eabi/lib/armv7e-m/fpu\libstdc++.a(class_type_info.o)
                0x08000e4c                typeinfo name for __cxxabiv1::__class_type_info
 .rodata._ZTVN10__cxxabiv120__si_class_type_infoE
                0x08000e70       0x30 c:/eclipse1/gnu arm/bin/../lib/gcc/arm-none-eabi/4.9.3/../../../../arm-none-eabi/lib/armv7e-m/fpu\libstdc++.a(si_class_type_info.o)
                0x08000e70                vtable for __cxxabiv1::__si_class_type_info
 .rodata._ZTIN10__cxxabiv120__si_class_type_infoE
                0x08000ea0        0xc c:/eclipse1/gnu arm/bin/../lib/gcc/arm-none-eabi/4.9.3/../../../../arm-none-eabi/lib/armv7e-m/fpu\libstdc++.a(si_class_type_info.o)
                0x08000ea0                typeinfo for __cxxabiv1::__si_class_type_info
 .rodata._ZTSN10__cxxabiv120__si_class_type_infoE
                0x08000eac       0x28 c:/eclipse1/gnu arm/bin/../lib/gcc/arm-none-eabi/4.9.3/../../../../arm-none-eabi/lib/armv7e-m/fpu\libstdc++.a(si_class_type_info.o)
                0x08000eac                typeinfo name for __cxxabiv1::__si_class_type_info
 .rodata._ZTSN10__cxxabiv115__forced_unwindE
                0x08000ed4       0x20 c:/eclipse1/gnu arm/bin/../lib/gcc/arm-none-eabi/4.9.3/../../../../arm-none-eabi/lib/armv7e-m/fpu\libstdc++.a(eh_exception.o)
                0x08000ed4                typeinfo name for __cxxabiv1::__forced_unwind
 .rodata._ZTIN10__cxxabiv115__forced_unwindE
                0x08000ef4        0x8 c:/eclipse1/gnu arm/bin/../lib/gcc/arm-none-eabi/4.9.3/../../../../arm-none-eabi/lib/armv7e-m/fpu\libstdc++.a(eh_exception.o)
                0x08000ef4                typeinfo for __cxxabiv1::__forced_unwind
 .rodata._ZTISt9exception
                0x08000efc        0x8 c:/eclipse1/gnu arm/bin/../lib/gcc/arm-none-eabi/4.9.3/../../../../arm-none-eabi/lib/armv7e-m/fpu\libstdc++.a(eh_exception.o)
                0x08000efc                typeinfo for std::exception
 .rodata._ZTSN10__cxxabiv119__foreign_exceptionE
                0x08000f04       0x24 c:/eclipse1/gnu arm/bin/../lib/gcc/arm-none-eabi/4.9.3/../../../../arm-none-eabi/lib/armv7e-m/fpu\libstdc++.a(eh_exception.o)
                0x08000f04                typeinfo name for __cxxabiv1::__foreign_exception
 .rodata.str1.4
                0x08000f28       0x23 c:/eclipse1/gnu arm/bin/../lib/gcc/arm-none-eabi/4.9.3/../../../../arm-none-eabi/lib/armv7e-m/fpu\libstdc++.a(eh_exception.o)
                                 0x24 (size before relaxing)
 *fill*         0x08000f4b        0x1 
 .rodata._ZTIN10__cxxabiv119__foreign_exceptionE
                0x08000f4c        0x8 c:/eclipse1/gnu arm/bin/../lib/gcc/arm-none-eabi/4.9.3/../../../../arm-none-eabi/lib/armv7e-m/fpu\libstdc++.a(eh_exception.o)
                0x08000f4c                typeinfo for __cxxabiv1::__foreign_exception
 *fill*         0x08000f54        0x4 
 .rodata._ZTVSt13bad_exception
                0x08000f58       0x18 c:/eclipse1/gnu arm/bin/../lib/gcc/arm-none-eabi/4.9.3/../../../../arm-none-eabi/lib/armv7e-m/fpu\libstdc++.a(eh_exception.o)
                0x08000f58                vtable for std::bad_exception
 .rodata._ZTSSt9exception
                0x08000f70       0x10 c:/eclipse1/gnu arm/bin/../lib/gcc/arm-none-eabi/4.9.3/../../../../arm-none-eabi/lib/armv7e-m/fpu\libstdc++.a(eh_exception.o)
                0x08000f70                typeinfo name for std::exception
 .rodata._ZTSSt13bad_exception
                0x08000f80       0x14 c:/eclipse1/gnu arm/bin/../lib/gcc/arm-none-eabi/4.9.3/../../../../arm-none-eabi/lib/armv7e-m/fpu\libstdc++.a(eh_exception.o)
                0x08000f80                typeinfo name for std::bad_exception
 .rodata._ZTISt13bad_exception
                0x08000f94        0xc c:/eclipse1/gnu arm/bin/../lib/gcc/arm-none-eabi/4.9.3/../../../../arm-none-eabi/lib/armv7e-m/fpu\libstdc++.a(eh_exception.o)
                0x08000f94                typeinfo for std::bad_exception
 .rodata._ZTISt9type_info
                0x08000fa0        0x8 c:/eclipse1/gnu arm/bin/../lib/gcc/arm-none-eabi/4.9.3/../../../../arm-none-eabi/lib/armv7e-m/fpu\libstdc++.a(tinfo.o)
                0x08000fa0                typeinfo for std::type_info
 .rodata._ZTSSt9type_info
                0x08000fa8       0x10 c:/eclipse1/gnu arm/bin/../lib/gcc/arm-none-eabi/4.9.3/../../../../arm-none-eabi/lib/armv7e-m/fpu\libstdc++.a(tinfo.o)
                0x08000fa8                typeinfo name for std::type_info
 .rodata.str1.4
                0x08000fb8        0x4 c:/eclipse1/gnu arm/bin/../lib/gcc/arm-none-eabi/4.9.3/../../../../arm-none-eabi/lib/armv7e-m/fpu\libg.a(lib_a-impure.o)
 .rodata._global_impure_ptr
                0x08000fbc        0x4 c:/eclipse1/gnu arm/bin/../lib/gcc/arm-none-eabi/4.9.3/../../../../arm-none-eabi/lib/armv7e-m/fpu\libg.a(lib_a-impure.o)
                0x08000fbc                _global_impure_ptr
 *(.fw_update_hs)

.text_main      0x08008000     0x78cc
 *(.text*)
 .text          0x08008000       0x5c c:/eclipse1/gnu arm/bin/../lib/gcc/arm-none-eabi/4.9.3/armv7e-m/fpu/crtbegin.o
 .text.arm_cos_f32
                0x0800805c       0x7c ./stm32f4/core/arm_cos_f32.o
                0x0800805c                arm_cos_f32
 .text.arm_sin_f32
                0x080080d8       0x78 ./stm32f4/core/arm_sin_f32.o
                0x080080d8                arm_sin_f32
 .text.NMI_Handler
                0x08008150        0x2 ./stm32f4/core/stm32f4xx_it.o
                0x08008150                NMI_Handler
 .text.HardFault_Handler
                0x08008152        0x2 ./stm32f4/core/stm32f4xx_it.o
                0x08008152                HardFault_Handler
 .text.MemManage_Handler
                0x08008154        0x2 ./stm32f4/core/stm32f4xx_it.o
                0x08008154                MemManage_Handler
 .text.BusFault_Handler
                0x08008156        0x2 ./stm32f4/core/stm32f4xx_it.o
                0x08008156                BusFault_Handler
 .text.UsageFault_Handler
                0x08008158        0x2 ./stm32f4/core/stm32f4xx_it.o
                0x08008158                UsageFault_Handler
 .text.DebugMon_Handler
                0x0800815a        0x2 ./stm32f4/core/stm32f4xx_it.o
                0x0800815a                DebugMon_Handler
 .text.EXTI9_5_IRQHandler
                0x0800815c        0x2 ./stm32f4/core/stm32f4xx_it.o
                0x0800815c                EXTI9_5_IRQHandler
 *fill*         0x0800815e        0x2 
 .text.NVIC_PriorityGroupConfig
                0x08008160       0x14 ./stm32f4/SPL/src/misc.o
                0x08008160                NVIC_PriorityGroupConfig
 .text.NVIC_Init
                0x08008174       0x6c ./stm32f4/SPL/src/misc.o
                0x08008174                NVIC_Init
 .text.ADC_Init
                0x080081e0       0x4c ./stm32f4/SPL/src/stm32f4xx_adc.o
                0x080081e0                ADC_Init
 .text.ADC_StructInit
                0x0800822c       0x14 ./stm32f4/SPL/src/stm32f4xx_adc.o
                0x0800822c                ADC_StructInit
 .text.ADC_CommonInit
                0x08008240       0x28 ./stm32f4/SPL/src/stm32f4xx_adc.o
                0x08008240                ADC_CommonInit
 .text.ADC_CommonStructInit
                0x08008268        0xc ./stm32f4/SPL/src/stm32f4xx_adc.o
                0x08008268                ADC_CommonStructInit
 .text.ADC_Cmd  0x08008274       0x12 ./stm32f4/SPL/src/stm32f4xx_adc.o
                0x08008274                ADC_Cmd
 .text.ADC_RegularChannelConfig
                0x08008286       0x84 ./stm32f4/SPL/src/stm32f4xx_adc.o
                0x08008286                ADC_RegularChannelConfig
 .text.ADC_SoftwareStartConv
                0x0800830a        0xa ./stm32f4/SPL/src/stm32f4xx_adc.o
                0x0800830a                ADC_SoftwareStartConv
 .text.ADC_GetConversionValue
                0x08008314        0x6 ./stm32f4/SPL/src/stm32f4xx_adc.o
                0x08008314                ADC_GetConversionValue
 *fill*         0x0800831a        0x2 
 .text.DMA_Init
                0x0800831c       0x54 ./stm32f4/SPL/src/stm32f4xx_dma.o
                0x0800831c                DMA_Init
 .text.DMA_StructInit
                0x08008370       0x22 ./stm32f4/SPL/src/stm32f4xx_dma.o
                0x08008370                DMA_StructInit
 .text.DMA_Cmd  0x08008392       0x12 ./stm32f4/SPL/src/stm32f4xx_dma.o
                0x08008392                DMA_Cmd
 .text.DMA_SetCurrDataCounter
                0x080083a4        0x4 ./stm32f4/SPL/src/stm32f4xx_dma.o
                0x080083a4                DMA_SetCurrDataCounter
 .text.DMA_GetCmdStatus
                0x080083a8        0x8 ./stm32f4/SPL/src/stm32f4xx_dma.o
                0x080083a8                DMA_GetCmdStatus
 .text.DMA_ITConfig
                0x080083b0       0x3e ./stm32f4/SPL/src/stm32f4xx_dma.o
                0x080083b0                DMA_ITConfig
 *fill*         0x080083ee        0x2 
 .text.DMA_ClearITPendingBit
                0x080083f0       0x30 ./stm32f4/SPL/src/stm32f4xx_dma.o
                0x080083f0                DMA_ClearITPendingBit
 .text.EXTI_Init
                0x08008420       0x78 ./stm32f4/SPL/src/stm32f4xx_exti.o
                0x08008420                EXTI_Init
 .text.EXTI_GetITStatus
                0x08008498       0x1c ./stm32f4/SPL/src/stm32f4xx_exti.o
                0x08008498                EXTI_GetITStatus
 .text.EXTI_ClearITPendingBit
                0x080084b4        0xc ./stm32f4/SPL/src/stm32f4xx_exti.o
                0x080084b4                EXTI_ClearITPendingBit
 .text.GPIO_Init
                0x080084c0       0x70 ./stm32f4/SPL/src/stm32f4xx_gpio.o
                0x080084c0                GPIO_Init
 .text.GPIO_ReadInputDataBit
                0x08008530        0xc ./stm32f4/SPL/src/stm32f4xx_gpio.o
                0x08008530                GPIO_ReadInputDataBit
 .text.GPIO_SetBits
                0x0800853c        0x4 ./stm32f4/SPL/src/stm32f4xx_gpio.o
                0x0800853c                GPIO_SetBits
 .text.GPIO_ResetBits
                0x08008540        0x4 ./stm32f4/SPL/src/stm32f4xx_gpio.o
                0x08008540                GPIO_ResetBits
 .text.GPIO_PinAFConfig
                0x08008544       0x24 ./stm32f4/SPL/src/stm32f4xx_gpio.o
                0x08008544                GPIO_PinAFConfig
 .text.RCC_GetClocksFreq
                0x08008568       0x88 ./stm32f4/SPL/src/stm32f4xx_rcc.o
                0x08008568                RCC_GetClocksFreq
 .text.RCC_AHB1PeriphClockCmd
                0x080085f0       0x18 ./stm32f4/SPL/src/stm32f4xx_rcc.o
                0x080085f0                RCC_AHB1PeriphClockCmd
 .text.RCC_APB1PeriphClockCmd
                0x08008608       0x18 ./stm32f4/SPL/src/stm32f4xx_rcc.o
                0x08008608                RCC_APB1PeriphClockCmd
 .text.RCC_APB2PeriphClockCmd
                0x08008620       0x18 ./stm32f4/SPL/src/stm32f4xx_rcc.o
                0x08008620                RCC_APB2PeriphClockCmd
 .text.RCC_APB1PeriphResetCmd
                0x08008638       0x18 ./stm32f4/SPL/src/stm32f4xx_rcc.o
                0x08008638                RCC_APB1PeriphResetCmd
 .text.RCC_APB2PeriphResetCmd
                0x08008650       0x18 ./stm32f4/SPL/src/stm32f4xx_rcc.o
                0x08008650                RCC_APB2PeriphResetCmd
 .text.SYSCFG_EXTILineConfig
                0x08008668       0x2a ./stm32f4/SPL/src/stm32f4xx_syscfg.o
                0x08008668                SYSCFG_EXTILineConfig
 *fill*         0x08008692        0x2 
 .text.TIM_DeInit
                0x08008694      0x154 ./stm32f4/SPL/src/stm32f4xx_tim.o
                0x08008694                TIM_DeInit
 .text.TIM_TimeBaseInit
                0x080087e8       0x7c ./stm32f4/SPL/src/stm32f4xx_tim.o
                0x080087e8                TIM_TimeBaseInit
 .text.TIM_TimeBaseStructInit
                0x08008864       0x12 ./stm32f4/SPL/src/stm32f4xx_tim.o
                0x08008864                TIM_TimeBaseStructInit
 .text.TIM_SetCounter
                0x08008876        0x4 ./stm32f4/SPL/src/stm32f4xx_tim.o
                0x08008876                TIM_SetCounter
 .text.TIM_GetCounter
                0x0800887a        0x4 ./stm32f4/SPL/src/stm32f4xx_tim.o
                0x0800887a                TIM_GetCounter
 .text.TIM_Cmd  0x0800887e       0x18 ./stm32f4/SPL/src/stm32f4xx_tim.o
                0x0800887e                TIM_Cmd
 *fill*         0x08008896        0x2 
 .text.TIM_OC1Init
                0x08008898       0x70 ./stm32f4/SPL/src/stm32f4xx_tim.o
                0x08008898                TIM_OC1Init
 .text.TIM_OC2Init
                0x08008908       0x88 ./stm32f4/SPL/src/stm32f4xx_tim.o
                0x08008908                TIM_OC2Init
 .text.TIM_OC3Init
                0x08008990       0x84 ./stm32f4/SPL/src/stm32f4xx_tim.o
                0x08008990                TIM_OC3Init
 .text.USART_Init
                0x08008a14       0xb4 ./stm32f4/SPL/src/stm32f4xx_usart.o
                0x08008a14                USART_Init
 .text.USART_Cmd
                0x08008ac8       0x18 ./stm32f4/SPL/src/stm32f4xx_usart.o
                0x08008ac8                USART_Cmd
 .text.USART_ReceiveData
                0x08008ae0        0x8 ./stm32f4/SPL/src/stm32f4xx_usart.o
                0x08008ae0                USART_ReceiveData
 .text.USART_DMACmd
                0x08008ae8       0x12 ./stm32f4/SPL/src/stm32f4xx_usart.o
                0x08008ae8                USART_DMACmd
 .text.USART_ITConfig
                0x08008afa       0x32 ./stm32f4/SPL/src/stm32f4xx_usart.o
                0x08008afa                USART_ITConfig
 .text.USART_GetITStatus
                0x08008b2c       0x3e ./stm32f4/SPL/src/stm32f4xx_usart.o
                0x08008b2c                USART_GetITStatus
 .text.USART_ClearITPendingBit
                0x08008b6a        0xe ./stm32f4/SPL/src/stm32f4xx_usart.o
                0x08008b6a                USART_ClearITPendingBit
 .text.SystemInit
                0x08008b78       0xf8 ./stm32f4/CMSIS/system_stm32f4xx.o
                0x08008b78                SystemInit
 .text._ZN5cRTOSC2Ev
                0x08008c70        0x2 ./FreeRtos/wrapper/frtosWrapper.o
                0x08008c70                cRTOS::cRTOS()
                0x08008c70                cRTOS::cRTOS()
 .text._ZNK5cRTOS14startSchedulerEv
                0x08008c72        0x4 ./FreeRtos/wrapper/frtosWrapper.o
                0x08008c72                cRTOS::startScheduler() const
 *fill*         0x08008c76        0x2 
 .text._ZN5cRTOS12fromMsToTickEf
                0x08008c78       0x24 ./FreeRtos/wrapper/frtosWrapper.o
                0x08008c78                cRTOS::fromMsToTick(float)
 .text._ZN5cRTOS13fromSecToTickEf
                0x08008c9c       0x18 ./FreeRtos/wrapper/frtosWrapper.o
                0x08008c9c                cRTOS::fromSecToTick(float)
 .text._ZN5cRTOS7addTaskEP13iActiveObject
                0x08008cb4       0x18 ./FreeRtos/wrapper/frtosWrapper.o
                0x08008cb4                cRTOS::addTask(iActiveObject*)
 .text._ZN13iActiveObject12taskFunctionEPKv
                0x08008ccc        0x6 ./FreeRtos/wrapper/iActiveObject.o
                0x08008ccc                iActiveObject::taskFunction(void const*)
 *fill*         0x08008cd2        0x2 
 .text._ZN13iActiveObject10taskCreateEjmPKc
                0x08008cd4       0x30 ./FreeRtos/wrapper/iActiveObject.o
                0x08008cd4                iActiveObject::taskCreate(unsigned int, unsigned long, char const*)
 .text._ZN13iActiveObject10taskResumeEv
                0x08008d04        0x6 ./FreeRtos/wrapper/iActiveObject.o
                0x08008d04                iActiveObject::taskResume()
 .text._ZN13iActiveObject6wakeupEv
                0x08008d0a        0x8 ./FreeRtos/wrapper/iActiveObject.o
                0x08008d0a                iActiveObject::wakeup()
 .text._ZN13iActiveObject11taskSuspendEv
                0x08008d12        0x6 ./FreeRtos/wrapper/iActiveObject.o
                0x08008d12                iActiveObject::taskSuspend()
 .text._ZN13iActiveObject15prepareForSleepEv
                0x08008d18        0xe ./FreeRtos/wrapper/iActiveObject.o
                0x08008d18                iActiveObject::prepareForSleep()
 .text._ZN13iActiveObject9taskDelayEm
                0x08008d26        0x6 ./FreeRtos/wrapper/iActiveObject.o
                0x08008d26                iActiveObject::taskDelay(unsigned long)
 .text._ZN13iActiveObject14taskDelayUntilEPmm
                0x08008d2c        0x8 ./FreeRtos/wrapper/iActiveObject.o
                0x08008d2c                iActiveObject::taskDelayUntil(unsigned long*, unsigned long)
 .text._ZN13iActiveObjectC2Ev
                0x08008d34       0x10 ./FreeRtos/wrapper/iActiveObject.o
                0x08008d34                iActiveObject::iActiveObject()
                0x08008d34                iActiveObject::iActiveObject()
 .text.pvPortMalloc
                0x08008d44       0x18 ./FreeRtos/heap_3.o
                0x08008d44                pvPortMalloc
 .text.vPortFree
                0x08008d5c       0x1a ./FreeRtos/heap_3.o
                0x08008d5c                vPortFree
 .text.vListInitialise
                0x08008d76       0x16 ./FreeRtos/list.o
                0x08008d76                vListInitialise
 .text.vListInitialiseItem
                0x08008d8c        0x6 ./FreeRtos/list.o
                0x08008d8c                vListInitialiseItem
 .text.vListInsertEnd
                0x08008d92       0x18 ./FreeRtos/list.o
                0x08008d92                vListInsertEnd
 .text.vListInsert
                0x08008daa       0x30 ./FreeRtos/list.o
                0x08008daa                vListInsert
 .text.uxListRemove
                0x08008dda       0x20 ./FreeRtos/list.o
                0x08008dda                uxListRemove
 *fill*         0x08008dfa        0x2 
 .text.prvTaskExitError
                0x08008dfc       0x30 ./FreeRtos/port.o
 .text.prvPortStartFirstTask
                0x08008e2c       0x20 ./FreeRtos/port.o
 .text.vPortEnableVFP
                0x08008e4c       0x14 ./FreeRtos/port.o
 .text.pxPortInitialiseStack
                0x08008e60       0x2c ./FreeRtos/port.o
                0x08008e60                pxPortInitialiseStack
 *fill*         0x08008e8c        0x4 
 .text.SVC_Handler
                0x08008e90       0x30 ./FreeRtos/port.o
                0x08008e90                SVC_Handler
 .text.vPortEnterCritical
                0x08008ec0       0x44 ./FreeRtos/port.o
                0x08008ec0                vPortEnterCritical
 .text.vPortExitCritical
                0x08008f04       0x28 ./FreeRtos/port.o
                0x08008f04                vPortExitCritical
 *fill*         0x08008f2c        0x4 
 .text.PendSV_Handler
                0x08008f30       0x70 ./FreeRtos/port.o
                0x08008f30                PendSV_Handler
 .text.SysTick_Handler
                0x08008fa0       0x2c ./FreeRtos/port.o
                0x08008fa0                SysTick_Handler
 .text.vPortSetupTimerInterrupt
                0x08008fcc       0x28 ./FreeRtos/port.o
                0x08008fcc                vPortSetupTimerInterrupt
 .text.xPortStartScheduler
                0x08008ff4       0xe0 ./FreeRtos/port.o
                0x08008ff4                xPortStartScheduler
 .text.vPortValidateInterruptPriority
                0x080090d4       0x5c ./FreeRtos/port.o
                0x080090d4                vPortValidateInterruptPriority
 .text.unlikely.prvCopyDataToQueue
                0x08009130       0x70 ./FreeRtos/queue.o
 .text.unlikely.prvCopyDataFromQueue
                0x080091a0       0x26 ./FreeRtos/queue.o
 .text.prvUnlockQueue
                0x080091c6       0x68 ./FreeRtos/queue.o
 *fill*         0x0800922e        0x2 
 .text.xQueueGenericReset
                0x08009230       0x80 ./FreeRtos/queue.o
                0x08009230                xQueueGenericReset
 .text.xQueueGenericCreate
                0x080092b0       0x4e ./FreeRtos/queue.o
                0x080092b0                xQueueGenericCreate
 *fill*         0x080092fe        0x2 
 .text.xQueueGenericSend
                0x08009300      0x15c ./FreeRtos/queue.o
                0x08009300                xQueueGenericSend
 .text.xQueueCreateMutex
                0x0800945c       0x24 ./FreeRtos/queue.o
                0x0800945c                xQueueCreateMutex
 .text.xQueueGenericSendFromISR
                0x08009480       0xbe ./FreeRtos/queue.o
                0x08009480                xQueueGenericSendFromISR
 *fill*         0x0800953e        0x2 
 .text.xQueueGenericReceive
                0x08009540      0x174 ./FreeRtos/queue.o
                0x08009540                xQueueGenericReceive
 .text.uxQueueMessagesWaiting
                0x080096b4       0x26 ./FreeRtos/queue.o
                0x080096b4                uxQueueMessagesWaiting
 *fill*         0x080096da        0x2 
 .text.vQueueAddToRegistry
                0x080096dc       0x24 ./FreeRtos/queue.o
                0x080096dc                vQueueAddToRegistry
 .text.vQueueWaitForMessageRestricted
                0x08009700       0x46 ./FreeRtos/queue.o
                0x08009700                vQueueWaitForMessageRestricted
 *fill*         0x08009746        0x2 
 .text.prvTaskIsTaskSuspended
                0x08009748       0x38 ./FreeRtos/tasks.o
 .text.prvResetNextTaskUnblockTime
                0x08009780       0x24 ./FreeRtos/tasks.o
 .text.prvAddCurrentTaskToDelayedList
                0x080097a4       0x90 ./FreeRtos/tasks.o
 .text.xTaskCreate
                0x08009834      0x1b0 ./FreeRtos/tasks.o
                0x08009834                xTaskCreate
 .text.vTaskResume
                0x080099e4       0x84 ./FreeRtos/tasks.o
                0x080099e4                vTaskResume
 .text.vTaskStartScheduler
                0x08009a68       0x80 ./FreeRtos/tasks.o
                0x08009a68                vTaskStartScheduler
 .text.vTaskSuspendAll
                0x08009ae8       0x10 ./FreeRtos/tasks.o
                0x08009ae8                vTaskSuspendAll
 .text.xTaskGetTickCount
                0x08009af8        0xc ./FreeRtos/tasks.o
                0x08009af8                xTaskGetTickCount
 .text.xTaskIncrementTick
                0x08009b04      0x114 ./FreeRtos/tasks.o
                0x08009b04                xTaskIncrementTick
 .text.xTaskResumeAll
                0x08009c18       0xe4 ./FreeRtos/tasks.o
                0x08009c18                xTaskResumeAll
 .text.vTaskDelayUntil
                0x08009cfc       0xa4 ./FreeRtos/tasks.o
                0x08009cfc                vTaskDelayUntil
 .text.vTaskDelay
                0x08009da0       0x50 ./FreeRtos/tasks.o
                0x08009da0                vTaskDelay
 .text.prvIdleTask
                0x08009df0       0x74 ./FreeRtos/tasks.o
 .text.vTaskSwitchContext
                0x08009e64       0x74 ./FreeRtos/tasks.o
                0x08009e64                vTaskSwitchContext
 .text.vTaskSuspend
                0x08009ed8       0xd0 ./FreeRtos/tasks.o
                0x08009ed8                vTaskSuspend
 .text.vTaskPlaceOnEventList
                0x08009fa8       0x34 ./FreeRtos/tasks.o
                0x08009fa8                vTaskPlaceOnEventList
 .text.vTaskPlaceOnEventListRestricted
                0x08009fdc       0x40 ./FreeRtos/tasks.o
                0x08009fdc                vTaskPlaceOnEventListRestricted
 .text.xTaskRemoveFromEventList
                0x0800a01c       0x80 ./FreeRtos/tasks.o
                0x0800a01c                xTaskRemoveFromEventList
 .text.vTaskSetTimeOutState
                0x0800a09c       0x2c ./FreeRtos/tasks.o
                0x0800a09c                vTaskSetTimeOutState
 .text.xTaskCheckForTimeOut
                0x0800a0c8       0x74 ./FreeRtos/tasks.o
                0x0800a0c8                xTaskCheckForTimeOut
 .text.vTaskMissedYield
                0x0800a13c        0xc ./FreeRtos/tasks.o
                0x0800a13c                vTaskMissedYield
 .text.xTaskGetCurrentTaskHandle
                0x0800a148        0xc ./FreeRtos/tasks.o
                0x0800a148                xTaskGetCurrentTaskHandle
 .text.xTaskGetSchedulerState
                0x0800a154       0x20 ./FreeRtos/tasks.o
                0x0800a154                xTaskGetSchedulerState
 .text.vTaskPriorityInherit
                0x0800a174       0x8c ./FreeRtos/tasks.o
                0x0800a174                vTaskPriorityInherit
 .text.xTaskPriorityDisinherit
                0x0800a200       0xa0 ./FreeRtos/tasks.o
                0x0800a200                xTaskPriorityDisinherit
 .text.pvTaskIncrementMutexHeldCount
                0x0800a2a0       0x18 ./FreeRtos/tasks.o
                0x0800a2a0                pvTaskIncrementMutexHeldCount
 .text.ulTaskNotifyTake
                0x0800a2b8       0x68 ./FreeRtos/tasks.o
                0x0800a2b8                ulTaskNotifyTake
 .text.xTaskGenericNotify
                0x0800a320       0xd0 ./FreeRtos/tasks.o
                0x0800a320                xTaskGenericNotify
 .text.vTaskNotifyGiveFromISR
                0x0800a3f0       0xcc ./FreeRtos/tasks.o
                0x0800a3f0                vTaskNotifyGiveFromISR
 .text.prvCheckForValidListAndQueue
                0x0800a4bc       0x58 ./FreeRtos/timers.o
 .text.prvInsertTimerInActiveList
                0x0800a514       0x3c ./FreeRtos/timers.o
 .text.xTimerCreateTimerTask
                0x0800a550       0x4c ./FreeRtos/timers.o
                0x0800a550                xTimerCreateTimerTask
 .text.xTimerGenericCommand
                0x0800a59c       0x58 ./FreeRtos/timers.o
                0x0800a59c                xTimerGenericCommand
 .text.prvSwitchTimerLists
                0x0800a5f4       0x74 ./FreeRtos/timers.o
 .text.prvTimerTask
                0x0800a668      0x1c0 ./FreeRtos/timers.o
 .text._ZN18BatteryChargeAskerD2Ev
                0x0800a828        0x2 ./Application/BatteryChargeAsker.o
                0x0800a828                BatteryChargeAsker::~BatteryChargeAsker()
                0x0800a828                BatteryChargeAsker::~BatteryChargeAsker()
 .text._ZN18BatteryChargeAskerD0Ev
                0x0800a82a        0xc ./Application/BatteryChargeAsker.o
                0x0800a82a                BatteryChargeAsker::~BatteryChargeAsker()
 *fill*         0x0800a836        0x2 
 .text._ZN18BatteryChargeAsker3runEv
                0x0800a838       0xb4 ./Application/BatteryChargeAsker.o
                0x0800a838                BatteryChargeAsker::run()
 .text._ZN18BatteryChargeAskerC2Ev
                0x0800a8ec       0x24 ./Application/BatteryChargeAsker.o
                0x0800a8ec                BatteryChargeAsker::BatteryChargeAsker()
                0x0800a8ec                BatteryChargeAsker::BatteryChargeAsker()
 .text._ZN18BatteryChargeAsker9getChargeEv
                0x0800a910        0x4 ./Application/BatteryChargeAsker.o
                0x0800a910                BatteryChargeAsker::getCharge()
 .text._ZN18CollisionAvoidanceD2Ev
                0x0800a914        0x2 ./Application/CollisionAvoidance.o
                0x0800a914                CollisionAvoidance::~CollisionAvoidance()
                0x0800a914                CollisionAvoidance::~CollisionAvoidance()
 .text._ZN18CollisionAvoidanceD0Ev
                0x0800a916        0xc ./Application/CollisionAvoidance.o
                0x0800a916                CollisionAvoidance::~CollisionAvoidance()
 *fill*         0x0800a922        0x2 
 .text._ZN18CollisionAvoidanceC2Ev
                0x0800a924       0x38 ./Application/CollisionAvoidance.o
                0x0800a924                CollisionAvoidance::CollisionAvoidance()
                0x0800a924                CollisionAvoidance::CollisionAvoidance()
 .text._ZN18CollisionAvoidance9partitionEPhhh
                0x0800a95c       0x46 ./Application/CollisionAvoidance.o
                0x0800a95c                CollisionAvoidance::partition(unsigned char*, unsigned char, unsigned char)
 .text._ZN18CollisionAvoidance12quick_selectEPhhhh
                0x0800a9a2       0x52 ./Application/CollisionAvoidance.o
                0x0800a9a2                CollisionAvoidance::quick_select(unsigned char*, unsigned char, unsigned char, unsigned char)
 .text._ZN18CollisionAvoidance22calculateDistanceQsortEPhh
                0x0800a9f4       0x58 ./Application/CollisionAvoidance.o
                0x0800a9f4                CollisionAvoidance::calculateDistanceQsort(unsigned char*, unsigned char)
 .text._ZN18CollisionAvoidance3runEv
                0x0800aa4c       0x9c ./Application/CollisionAvoidance.o
                0x0800aa4c                CollisionAvoidance::run()
 .text._ZN18CollisionAvoidance11getDistanceEPh
                0x0800aae8       0x16 ./Application/CollisionAvoidance.o
                0x0800aae8                CollisionAvoidance::getDistance(unsigned char*)
 *fill*         0x0800aafe        0x2 
 .text.EXTI15_10_IRQHandler
                0x0800ab00      0x190 ./Application/CollisionAvoidance.o
                0x0800ab00                EXTI15_10_IRQHandler
 .text._ZN16CollisionHandlerD2Ev
                0x0800ac90        0x2 ./Application/CollisionHandler.o
                0x0800ac90                CollisionHandler::~CollisionHandler()
                0x0800ac90                CollisionHandler::~CollisionHandler()
 .text._ZN16CollisionHandlerD0Ev
                0x0800ac92        0xc ./Application/CollisionHandler.o
                0x0800ac92                CollisionHandler::~CollisionHandler()
 *fill*         0x0800ac9e        0x2 
 .text._ZN16CollisionHandler3runEv
                0x0800aca0       0x54 ./Application/CollisionHandler.o
                0x0800aca0                CollisionHandler::run()
 .text._ZN16CollisionHandlerC2Ev
                0x0800acf4       0x18 ./Application/CollisionHandler.o
                0x0800acf4                CollisionHandler::CollisionHandler()
                0x0800acf4                CollisionHandler::CollisionHandler()
 .text._ZN16CollisionHandler9getStatusEv
                0x0800ad0c        0x4 ./Application/CollisionHandler.o
                0x0800ad0c                CollisionHandler::getStatus()
 .text._ZN9HyroMotorD2Ev
                0x0800ad10        0x2 ./Application/HyroMotor.o
                0x0800ad10                HyroMotor::~HyroMotor()
                0x0800ad10                HyroMotor::~HyroMotor()
 .text._ZN9HyroMotorD0Ev
                0x0800ad12        0xc ./Application/HyroMotor.o
                0x0800ad12                HyroMotor::~HyroMotor()
 *fill*         0x0800ad1e        0x2 
 .text._ZN9HyroMotorC2Ev
                0x0800ad20       0x5c ./Application/HyroMotor.o
                0x0800ad20                HyroMotor::HyroMotor()
                0x0800ad20                HyroMotor::HyroMotor()
 .text._ZN9HyroMotor9delayPortEm
                0x0800ad7c       0x24 ./Application/HyroMotor.o
                0x0800ad7c                HyroMotor::delayPort(unsigned long)
 .text._ZN9HyroMotor17taskNotifyFromISREl
                0x0800ada0       0x2e ./Application/HyroMotor.o
                0x0800ada0                HyroMotor::taskNotifyFromISR(long)
 *fill*         0x0800adce        0x2 
 .text._ZN9HyroMotor9switchPinEv
                0x0800add0       0x24 ./Application/HyroMotor.o
                0x0800add0                HyroMotor::switchPin()
 .text._ZN9HyroMotor21robotSpeed2WheelSpeedEPfPs
                0x0800adf4       0xc4 ./Application/HyroMotor.o
                0x0800adf4                HyroMotor::robotSpeed2WheelSpeed(float*, short*)
 .text._ZN9HyroMotor14calculateXYAlfEPlS0_Pf
                0x0800aeb8      0x114 ./Application/HyroMotor.o
                0x0800aeb8                HyroMotor::calculateXYAlf(long*, long*, float*)
 .text._ZN9HyroMotor17getWhCurColStatusEv
                0x0800afcc        0xe ./Application/HyroMotor.o
                0x0800afcc                HyroMotor::getWhCurColStatus()
 .text._ZN9HyroMotor14getWhPowStatusEv
                0x0800afda        0xe ./Application/HyroMotor.o
                0x0800afda                HyroMotor::getWhPowStatus()
 .text._ZN9HyroMotor8setSpeedEPh
                0x0800afe8       0x20 ./Application/HyroMotor.o
                0x0800afe8                HyroMotor::setSpeed(unsigned char*)
 .text._ZN9HyroMotor11getOdometryEPh
                0x0800b008       0x16 ./Application/HyroMotor.o
                0x0800b008                HyroMotor::getOdometry(unsigned char*)
 .text._ZN9HyroMotor9motorInitEh
                0x0800b01e      0x118 ./Application/HyroMotor.o
                0x0800b01e                HyroMotor::motorInit(unsigned char)
 *fill*         0x0800b136        0x2 
 .text._ZN9HyroMotor3runEv
                0x0800b138      0x404 ./Application/HyroMotor.o
                0x0800b138                HyroMotor::run()
 .text.USART3_IRQHandler
                0x0800b53c       0x4c ./Application/HyroMotor.o
                0x0800b53c                USART3_IRQHandler
 .text.DMA1_Stream1_IRQHandler
                0x0800b588       0x30 ./Application/HyroMotor.o
                0x0800b588                DMA1_Stream1_IRQHandler
 .text.DMA1_Stream3_IRQHandler
                0x0800b5b8       0x20 ./Application/HyroMotor.o
                0x0800b5b8                DMA1_Stream3_IRQHandler
 .text.UART4_IRQHandler
                0x0800b5d8       0x4c ./Application/HyroMotor.o
                0x0800b5d8                UART4_IRQHandler
 .text.DMA1_Stream2_IRQHandler
                0x0800b624       0x30 ./Application/HyroMotor.o
                0x0800b624                DMA1_Stream2_IRQHandler
 .text.DMA1_Stream4_IRQHandler
                0x0800b654       0x20 ./Application/HyroMotor.o
                0x0800b654                DMA1_Stream4_IRQHandler
 .text.startup._GLOBAL__sub_I_hyroMotor
                0x0800b674       0x70 ./Application/HyroMotor.o
 .text._ZN18InitialisationListD2Ev
                0x0800b6e4        0x2 ./Application/InitialisationList.o
                0x0800b6e4                InitialisationList::~InitialisationList()
                0x0800b6e4                InitialisationList::~InitialisationList()
 *fill*         0x0800b6e6        0x2 
 .text._ZN18InitialisationList11GPIOPinInitEv
                0x0800b6e8       0xb8 ./Application/InitialisationList.o
                0x0800b6e8                InitialisationList::GPIOPinInit()
 .text._ZN18InitialisationList7TIMInitEv
                0x0800b7a0       0x5c ./Application/InitialisationList.o
                0x0800b7a0                InitialisationList::TIMInit()
 .text._ZN18InitialisationList7PWMInitEv
                0x0800b7fc      0x134 ./Application/InitialisationList.o
                0x0800b7fc                InitialisationList::PWMInit()
 .text._ZN18InitialisationList16OnePulseModeInitEv
                0x0800b930       0x8c ./Application/InitialisationList.o
                0x0800b930                InitialisationList::OnePulseModeInit()
 .text._ZN18InitialisationList7ADCInitEv
                0x0800b9bc       0x7c ./Application/InitialisationList.o
                0x0800b9bc                InitialisationList::ADCInit()
 .text._ZN18InitialisationList13InterruptInitEv
                0x0800ba38       0xa0 ./Application/InitialisationList.o
                0x0800ba38                InitialisationList::InterruptInit()
 .text.startup._GLOBAL__sub_I_InitUser
                0x0800bad8       0x18 ./Application/InitialisationList.o
 .text._ZN8LEDStripD2Ev
                0x0800baf0        0x2 ./Application/LEDStrip.o
                0x0800baf0                LEDStrip::~LEDStrip()
                0x0800baf0                LEDStrip::~LEDStrip()
 .text._ZN8LEDStripD0Ev
                0x0800baf2        0xc ./Application/LEDStrip.o
                0x0800baf2                LEDStrip::~LEDStrip()
 *fill*         0x0800bafe        0x2 
 .text._ZN8LEDStrip8setColorEh
                0x0800bb00       0x74 ./Application/LEDStrip.o
                0x0800bb00                LEDStrip::setColor(unsigned char)
 .text._ZN8LEDStripC2Ev
                0x0800bb74       0x1c ./Application/LEDStrip.o
                0x0800bb74                LEDStrip::LEDStrip()
                0x0800bb74                LEDStrip::LEDStrip()
 .text._ZN8LEDStrip8setErrorEv
                0x0800bb90       0x10 ./Application/LEDStrip.o
                0x0800bb90                LEDStrip::setError()
 .text._ZN8LEDStrip10clearErrorEv
                0x0800bba0        0xa ./Application/LEDStrip.o
                0x0800bba0                LEDStrip::clearError()
 *fill*         0x0800bbaa        0x2 
 .text.startup._GLOBAL__sub_I_xMovementControlQueueRe
                0x0800bbac       0x24 ./Application/MovementControl.o
 .text._ZN12ReadEncodersD2Ev
                0x0800bbd0        0x2 ./Application/ReadEncoders.o
                0x0800bbd0                ReadEncoders::~ReadEncoders()
                0x0800bbd0                ReadEncoders::~ReadEncoders()
 .text._ZN12ReadEncodersD0Ev
                0x0800bbd2        0xc ./Application/ReadEncoders.o
                0x0800bbd2                ReadEncoders::~ReadEncoders()
 *fill*         0x0800bbde        0x2 
 .text._ZN12ReadEncodersC2Ev
                0x0800bbe0       0x34 ./Application/ReadEncoders.o
                0x0800bbe0                ReadEncoders::ReadEncoders()
                0x0800bbe0                ReadEncoders::ReadEncoders()
 .text._ZN12ReadEncoders12writeToQueueEPf
                0x0800bc14       0x38 ./Application/ReadEncoders.o
                0x0800bc14                ReadEncoders::writeToQueue(float*)
 .text._ZN12ReadEncoders3runEv
                0x0800bc4c      0x130 ./Application/ReadEncoders.o
                0x0800bc4c                ReadEncoders::run()
 .text._ZN11UARTtoRS485D2Ev
                0x0800bd7c        0x2 ./Application/UARTtoRS485.o
                0x0800bd7c                UARTtoRS485::~UARTtoRS485()
                0x0800bd7c                UARTtoRS485::~UARTtoRS485()
 .text._ZN11UARTtoRS485D0Ev
                0x0800bd7e        0xc ./Application/UARTtoRS485.o
                0x0800bd7e                UARTtoRS485::~UARTtoRS485()
 *fill*         0x0800bd8a        0x2 
 .text._ZN11UARTtoRS485C2Ev
                0x0800bd8c        0xc ./Application/UARTtoRS485.o
                0x0800bd8c                UARTtoRS485::UARTtoRS485()
                0x0800bd8c                UARTtoRS485::UARTtoRS485()
 .text._ZN11UARTtoRS4854initEP12UARTuserInit
                0x0800bd98        0x4 ./Application/UARTtoRS485.o
                0x0800bd98                UARTtoRS485::init(UARTuserInit*)
 .text._ZN11UARTtoRS4855Crc16EPhh
                0x0800bd9c       0x30 ./Application/UARTtoRS485.o
                0x0800bd9c                UARTtoRS485::Crc16(unsigned char*, unsigned char)
 .text._ZN11UARTtoRS48513modbusReadRegEhhh
                0x0800bdcc       0x34 ./Application/UARTtoRS485.o
                0x0800bdcc                UARTtoRS485::modbusReadReg(unsigned char, unsigned char, unsigned char)
 .text._ZN11UARTtoRS48514modbusWriteRegEhht
                0x0800be00       0x36 ./Application/UARTtoRS485.o
                0x0800be00                UARTtoRS485::modbusWriteReg(unsigned char, unsigned char, unsigned short)
 .text._ZN11UARTtoRS48512uint8toInt16EPh
                0x0800be36        0xc ./Application/UARTtoRS485.o
                0x0800be36                UARTtoRS485::uint8toInt16(unsigned char*)
 .text._ZN11UARTtoRS48512uint8toInt32EPh
                0x0800be42       0x16 ./Application/UARTtoRS485.o
                0x0800be42                UARTtoRS485::uint8toInt32(unsigned char*)
 .text._ZN11UARTtoRS48514modbusReadDataEPhRh
                0x0800be58       0x62 ./Application/UARTtoRS485.o
                0x0800be58                UARTtoRS485::modbusReadData(unsigned char*, unsigned char&)
 .text._ZN12UARTuserInitD2Ev
                0x0800beba        0x2 ./Application/UARTuserInit.o
                0x0800beba                UARTuserInit::~UARTuserInit()
                0x0800beba                UARTuserInit::~UARTuserInit()
 .text._ZN12UARTuserInitD0Ev
                0x0800bebc        0xc ./Application/UARTuserInit.o
                0x0800bebc                UARTuserInit::~UARTuserInit()
 .text._ZN12UARTuserInitC2Ev
                0x0800bec8       0x10 ./Application/UARTuserInit.o
                0x0800bec8                UARTuserInit::UARTuserInit()
                0x0800bec8                UARTuserInit::UARTuserInit()
 .text._ZN12UARTuserInit8gpioInitEP12GPIO_TypeDeftth
                0x0800bed8       0xa4 ./Application/UARTuserInit.o
                0x0800bed8                UARTuserInit::gpioInit(GPIO_TypeDef*, unsigned short, unsigned short, unsigned char)
 .text._ZN12UARTuserInit7dmaInitEP13USART_TypeDef
                0x0800bf7c      0x164 ./Application/UARTuserInit.o
                0x0800bf7c                UARTuserInit::dmaInit(USART_TypeDef*)
 .text._ZN12UARTuserInit8uartInitEP12GPIO_TypeDefP13USART_TypeDefb
                0x0800c0e0      0x174 ./Application/UARTuserInit.o
                0x0800c0e0                UARTuserInit::uartInit(GPIO_TypeDef*, USART_TypeDef*, bool)
 .text._ZN12UARTuserInit14gpioSwitchInitEP12GPIO_TypeDeft
                0x0800c254       0x38 ./Application/UARTuserInit.o
                0x0800c254                UARTuserInit::gpioSwitchInit(GPIO_TypeDef*, unsigned short)
 .text._ZN12UARTuserInit4sendEPhh
                0x0800c28c       0x3c ./Application/UARTuserInit.o
                0x0800c28c                UARTuserInit::send(unsigned char*, unsigned char)
 .text._ZN12UARTuserInit11receiveByteERh
                0x0800c2c8       0x1a ./Application/UARTuserInit.o
                0x0800c2c8                UARTuserInit::receiveByte(unsigned char&)
 .text._ZN12UARTuserInit12resetPointerEv
                0x0800c2e2        0x8 ./Application/UARTuserInit.o
                0x0800c2e2                UARTuserInit::resetPointer()
 .text._ZN16USBUserInterfaceD2Ev
                0x0800c2ea        0x2 ./Application/USBUserInterface.o
                0x0800c2ea                USBUserInterface::~USBUserInterface()
                0x0800c2ea                USBUserInterface::~USBUserInterface()
 .text._ZN16USBUserInterfaceD0Ev
                0x0800c2ec        0xc ./Application/USBUserInterface.o
                0x0800c2ec                USBUserInterface::~USBUserInterface()
 .text._ZN16USBUserInterface3runEv
                0x0800c2f8      0x114 ./Application/USBUserInterface.o
                0x0800c2f8                USBUserInterface::run()
 .text._ZN16USBUserInterfaceC2Ev
                0x0800c40c       0x18 ./Application/USBUserInterface.o
                0x0800c40c                USBUserInterface::USBUserInterface()
                0x0800c40c                USBUserInterface::USBUserInterface()
 .text.USART6_IRQHandler
                0x0800c424       0x2c ./Application/USBUserInterface.o
                0x0800c424                USART6_IRQHandler
 .text.DMA2_Stream1_IRQHandler
                0x0800c450       0x50 ./Application/USBUserInterface.o
                0x0800c450                DMA2_Stream1_IRQHandler
 .text.DMA2_Stream6_IRQHandler
                0x0800c4a0       0x20 ./Application/USBUserInterface.o
                0x0800c4a0                DMA2_Stream6_IRQHandler
 .text.startup._GLOBAL__sub_I_usbUserInterface
                0x0800c4c0       0x24 ./Application/USBUserInterface.o
 .text._ZN9__gnu_cxx27__verbose_terminate_handlerEv
                0x0800c4e4        0x2 ./LibraryHacks.o
                0x0800c4e4                __gnu_cxx::__verbose_terminate_handler()
 .text.__cxa_pure_virtual
                0x0800c4e6        0x2 ./LibraryHacks.o
                0x0800c4e6                __cxa_pure_virtual
 .text._Znwj    0x0800c4e8       0x10 ./LibraryHacks.o
                0x0800c4e8                operator new(unsigned int)
 .text._Znaj    0x0800c4f8       0x10 ./LibraryHacks.o
                0x0800c4f8                operator new[](unsigned int)
 .text._ZdlPv   0x0800c508       0x10 ./LibraryHacks.o
                0x0800c508                operator delete(void*)
 .text._sbrk    0x0800c518       0x1c ./LibraryHacks.o
                0x0800c518                _sbrk
 .text          0x0800c534      0x104 ./Startup.o
                0x0800c534                ResetHandler
                0x0800c592                WWDG_IRQHandler
                0x0800c594                PVD_IRQHandler
                0x0800c596                TAMP_STAMP_IRQHandler
                0x0800c598                RTC_WKUP_IRQHandler
                0x0800c59a                FLASH_IRQHandler
                0x0800c59c                RCC_IRQHandler
                0x0800c59e                EXTI0_IRQHandler
                0x0800c5a0                EXTI1_IRQHandler
                0x0800c5a2                EXTI2_IRQHandler
                0x0800c5a4                EXTI3_IRQHandler
                0x0800c5a6                EXTI4_IRQHandler
                0x0800c5a8                DMA1_Stream0_IRQHandler
                0x0800c5b2                DMA1_Stream5_IRQHandler
                0x0800c5b4                DMA1_Stream6_IRQHandler
                0x0800c5b6                ADC_IRQHandler
                0x0800c5b8                CAN1_TX_IRQHandler
                0x0800c5ba                CAN1_RX0_IRQHandler
                0x0800c5bc                CAN1_RX1_IRQHandler
                0x0800c5be                CAN1_SCE_IRQHandler
                0x0800c5c2                TIM1_BRK_TIM9_IRQHandler
                0x0800c5c4                TIM1_UP_TIM10_IRQHandler
                0x0800c5c6                TIM1_TRG_COM_TIM11_IRQHandler
                0x0800c5c8                TIM1_CC_IRQHandler
                0x0800c5ca                TIM2_IRQHandler
                0x0800c5cc                TIM3_IRQHandler
                0x0800c5ce                TIM4_IRQHandler
                0x0800c5d0                I2C1_EV_IRQHandler
                0x0800c5d2                I2C1_ER_IRQHandler
                0x0800c5d4                I2C2_EV_IRQHandler
                0x0800c5d6                I2C2_ER_IRQHandler
                0x0800c5d8                SPI1_IRQHandler
                0x0800c5da                SPI2_IRQHandler
                0x0800c5dc                USART1_IRQHandler
                0x0800c5de                USART2_IRQHandler
                0x0800c5e4                RTC_Alarm_IRQHandler
                0x0800c5e6                OTG_FS_WKUP_IRQHandler
                0x0800c5e8                TIM8_BRK_TIM12_IRQHandler
                0x0800c5ea                TIM8_UP_TIM13_IRQHandler
                0x0800c5ec                TIM8_TRG_COM_TIM14_IRQHandler
                0x0800c5ee                TIM8_CC_IRQHandler
                0x0800c5f0                DMA1_Stream7_IRQHandler
                0x0800c5f2                FSMC_IRQHandler
                0x0800c5f4                SDIO_IRQHandler
                0x0800c5f6                TIM5_IRQHandler
                0x0800c5f8                SPI3_IRQHandler
                0x0800c5fc                UART5_IRQHandler
                0x0800c5fe                TIM6_DAC_IRQHandler
                0x0800c600                TIM7_IRQHandler
                0x0800c602                DMA2_Stream0_IRQHandler
                0x0800c606                DMA2_Stream2_IRQHandler
                0x0800c608                DMA2_Stream3_IRQHandler
                0x0800c60a                DMA2_Stream4_IRQHandler
                0x0800c60c                ETH_IRQHandler
                0x0800c60e                ETH_WKUP_IRQHandler
                0x0800c610                CAN2_TX_IRQHandler
                0x0800c612                CAN2_RX0_IRQHandler
                0x0800c614                CAN2_RX1_IRQHandler
                0x0800c616                CAN2_SCE_IRQHandler
                0x0800c618                OTG_FS_IRQHandler
                0x0800c61a                DMA2_Stream5_IRQHandler
                0x0800c61e                DMA2_Stream7_IRQHandler
                0x0800c622                I2C3_EV_IRQHandler
                0x0800c624                I2C3_ER_IRQHandler
                0x0800c626                OTG_HS_EP1_OUT_IRQHandler
                0x0800c628                OTG_HS_EP1_IN_IRQHandler
                0x0800c62a                OTG_HS_WKUP_IRQHandler
                0x0800c62c                OTG_HS_IRQHandler
                0x0800c62e                DCMI_IRQHandler
                0x0800c630                CRYP_IRQHandler
                0x0800c632                HASH_RNG_IRQHandler
                0x0800c634                FPU_IRQHandler
                0x0800c636                REPROG_HIGH_SECTORS
 .text.startup.main
                0x0800c638      0x140 ./main.o
                0x0800c638                main
 .text.startup._GLOBAL__sub_I_oRTOS
                0x0800c778        0xc ./main.o
 .text.__cxa_end_cleanup
                0x0800c784        0xc c:/eclipse1/gnu arm/bin/../lib/gcc/arm-none-eabi/4.9.3/../../../../arm-none-eabi/lib/armv7e-m/fpu\libstdc++.a(eh_arm.o)
                0x0800c784                __cxa_end_cleanup
 .text.__cxa_type_match
                0x0800c790       0xb0 c:/eclipse1/gnu arm/bin/../lib/gcc/arm-none-eabi/4.9.3/../../../../arm-none-eabi/lib/armv7e-m/fpu\libstdc++.a(eh_arm.o)
                0x0800c790                __cxa_type_match
 .text.__cxa_begin_cleanup
                0x0800c840       0x64 c:/eclipse1/gnu arm/bin/../lib/gcc/arm-none-eabi/4.9.3/../../../../arm-none-eabi/lib/armv7e-m/fpu\libstdc++.a(eh_arm.o)
                0x0800c840                __cxa_begin_cleanup
 .text.__gnu_end_cleanup
                0x0800c8a4       0x70 c:/eclipse1/gnu arm/bin/../lib/gcc/arm-none-eabi/4.9.3/../../../../arm-none-eabi/lib/armv7e-m/fpu\libstdc++.a(eh_arm.o)
                0x0800c8a4                __gnu_end_cleanup
 .text._ZN10__cxxabiv111__terminateEPFvvE
                0x0800c914       0x28 c:/eclipse1/gnu arm/bin/../lib/gcc/arm-none-eabi/4.9.3/../../../../arm-none-eabi/lib/armv7e-m/fpu\libstdc++.a(eh_terminate.o)
                0x0800c914                __cxxabiv1::__terminate(void (*)())
 .text._ZSt9terminatev
                0x0800c93c       0x14 c:/eclipse1/gnu arm/bin/../lib/gcc/arm-none-eabi/4.9.3/../../../../arm-none-eabi/lib/armv7e-m/fpu\libstdc++.a(eh_terminate.o)
                0x0800c93c                std::terminate()
 .text._ZN10__cxxabiv112__unexpectedEPFvvE
                0x0800c950        0x8 c:/eclipse1/gnu arm/bin/../lib/gcc/arm-none-eabi/4.9.3/../../../../arm-none-eabi/lib/armv7e-m/fpu\libstdc++.a(eh_terminate.o)
                0x0800c950                __cxxabiv1::__unexpected(void (*)())
 .text._ZSt10unexpectedv
                0x0800c958       0x14 c:/eclipse1/gnu arm/bin/../lib/gcc/arm-none-eabi/4.9.3/../../../../arm-none-eabi/lib/armv7e-m/fpu\libstdc++.a(eh_terminate.o)
                0x0800c958                std::unexpected()
 .text._ZSt13get_terminatev
                0x0800c96c       0x10 c:/eclipse1/gnu arm/bin/../lib/gcc/arm-none-eabi/4.9.3/../../../../arm-none-eabi/lib/armv7e-m/fpu\libstdc++.a(eh_terminate.o)
                0x0800c96c                std::get_terminate()
 .text._ZSt14get_unexpectedv
                0x0800c97c       0x10 c:/eclipse1/gnu arm/bin/../lib/gcc/arm-none-eabi/4.9.3/../../../../arm-none-eabi/lib/armv7e-m/fpu\libstdc++.a(eh_terminate.o)
                0x0800c97c                std::get_unexpected()
 .text.__cxa_begin_catch
                0x0800c98c       0x8c c:/eclipse1/gnu arm/bin/../lib/gcc/arm-none-eabi/4.9.3/../../../../arm-none-eabi/lib/armv7e-m/fpu\libstdc++.a(eh_catch.o)
                0x0800c98c                __cxa_begin_catch
 .text.__cxa_end_catch
                0x0800ca18       0x8c c:/eclipse1/gnu arm/bin/../lib/gcc/arm-none-eabi/4.9.3/../../../../arm-none-eabi/lib/armv7e-m/fpu\libstdc++.a(eh_catch.o)
                0x0800ca18                __cxa_end_catch
 .text._ZNK10__cxxabiv117__class_type_info11__do_upcastEPKS0_PPv
                0x0800caa4       0x38 c:/eclipse1/gnu arm/bin/../lib/gcc/arm-none-eabi/4.9.3/../../../../arm-none-eabi/lib/armv7e-m/fpu\libstdc++.a(class_type_info.o)
                0x0800caa4                __cxxabiv1::__class_type_info::__do_upcast(__cxxabiv1::__class_type_info const*, void**) const
 .text._ZNK10__cxxabiv117__class_type_info20__do_find_public_srcEiPKvPKS0_S2_
                0x0800cadc        0xc c:/eclipse1/gnu arm/bin/../lib/gcc/arm-none-eabi/4.9.3/../../../../arm-none-eabi/lib/armv7e-m/fpu\libstdc++.a(class_type_info.o)
                0x0800cadc                __cxxabiv1::__class_type_info::__do_find_public_src(int, void const*, __cxxabiv1::__class_type_info const*, void const*) const
 .text._ZN10__cxxabiv117__class_type_infoD2Ev
                0x0800cae8       0x14 c:/eclipse1/gnu arm/bin/../lib/gcc/arm-none-eabi/4.9.3/../../../../arm-none-eabi/lib/armv7e-m/fpu\libstdc++.a(class_type_info.o)
                0x0800cae8                __cxxabiv1::__class_type_info::~__class_type_info()
                0x0800cae8                __cxxabiv1::__class_type_info::~__class_type_info()
 .text._ZN10__cxxabiv117__class_type_infoD0Ev
                0x0800cafc       0x1c c:/eclipse1/gnu arm/bin/../lib/gcc/arm-none-eabi/4.9.3/../../../../arm-none-eabi/lib/armv7e-m/fpu\libstdc++.a(class_type_info.o)
                0x0800cafc                __cxxabiv1::__class_type_info::~__class_type_info()
 .text._ZNK10__cxxabiv117__class_type_info11__do_upcastEPKS0_PKvRNS0_15__upcast_resultE
                0x0800cb18       0x18 c:/eclipse1/gnu arm/bin/../lib/gcc/arm-none-eabi/4.9.3/../../../../arm-none-eabi/lib/armv7e-m/fpu\libstdc++.a(class_type_info.o)
                0x0800cb18                __cxxabiv1::__class_type_info::__do_upcast(__cxxabiv1::__class_type_info const*, void const*, __cxxabiv1::__class_type_info::__upcast_result&) const
 .text._ZNK10__cxxabiv117__class_type_info10__do_catchEPKSt9type_infoPPvj
                0x0800cb30       0x2c c:/eclipse1/gnu arm/bin/../lib/gcc/arm-none-eabi/4.9.3/../../../../arm-none-eabi/lib/armv7e-m/fpu\libstdc++.a(class_type_info.o)
                0x0800cb30                __cxxabiv1::__class_type_info::__do_catch(std::type_info const*, void**, unsigned int) const
 .text._ZNK10__cxxabiv117__class_type_info12__do_dyncastEiNS0_10__sub_kindEPKS0_PKvS3_S5_RNS0_16__dyncast_resultE
                0x0800cb5c       0x40 c:/eclipse1/gnu arm/bin/../lib/gcc/arm-none-eabi/4.9.3/../../../../arm-none-eabi/lib/armv7e-m/fpu\libstdc++.a(class_type_info.o)
                0x0800cb5c                __cxxabiv1::__class_type_info::__do_dyncast(int, __cxxabiv1::__class_type_info::__sub_kind, __cxxabiv1::__class_type_info const*, void const*, __cxxabiv1::__class_type_info const*, void const*, __cxxabiv1::__class_type_info::__dyncast_result&) const
 .text._ZL12read_sleb128PKhPl
                0x0800cb9c       0x30 c:/eclipse1/gnu arm/bin/../lib/gcc/arm-none-eabi/4.9.3/../../../../arm-none-eabi/lib/armv7e-m/fpu\libstdc++.a(eh_personality.o)
 .text._ZL28read_encoded_value_with_basehjPKhPj
                0x0800cbcc       0xa8 c:/eclipse1/gnu arm/bin/../lib/gcc/arm-none-eabi/4.9.3/../../../../arm-none-eabi/lib/armv7e-m/fpu\libstdc++.a(eh_personality.o)
 .text._ZL21base_of_encoded_valuehP15_Unwind_Context
                0x0800cc74       0x4c c:/eclipse1/gnu arm/bin/../lib/gcc/arm-none-eabi/4.9.3/../../../../arm-none-eabi/lib/armv7e-m/fpu\libstdc++.a(eh_personality.o)
 .text._ZL17parse_lsda_headerP15_Unwind_ContextPKhP16lsda_header_info
                0x0800ccc0       0x98 c:/eclipse1/gnu arm/bin/../lib/gcc/arm-none-eabi/4.9.3/../../../../arm-none-eabi/lib/armv7e-m/fpu\libstdc++.a(eh_personality.o)
 .text.__gxx_personality_v0
                0x0800cd58      0x428 c:/eclipse1/gnu arm/bin/../lib/gcc/arm-none-eabi/4.9.3/../../../../arm-none-eabi/lib/armv7e-m/fpu\libstdc++.a(eh_personality.o)
                0x0800cd58                __gxx_personality_v0
 .text.__cxa_get_globals_fast
                0x0800d180        0x8 c:/eclipse1/gnu arm/bin/../lib/gcc/arm-none-eabi/4.9.3/../../../../arm-none-eabi/lib/armv7e-m/fpu\libstdc++.a(eh_globals.o)
                0x0800d180                __cxa_get_globals_fast
 .text.__cxa_get_globals
                0x0800d188        0x8 c:/eclipse1/gnu arm/bin/../lib/gcc/arm-none-eabi/4.9.3/../../../../arm-none-eabi/lib/armv7e-m/fpu\libstdc++.a(eh_globals.o)
                0x0800d188                __cxa_get_globals
 .text.__aeabi_atexit
                0x0800d190        0xc c:/eclipse1/gnu arm/bin/../lib/gcc/arm-none-eabi/4.9.3/../../../../arm-none-eabi/lib/armv7e-m/fpu\libstdc++.a(atexit_arm.o)
                0x0800d190                __aeabi_atexit
 .text._ZN10__cxxabiv120__si_class_type_infoD2Ev
                0x0800d19c       0x14 c:/eclipse1/gnu arm/bin/../lib/gcc/arm-none-eabi/4.9.3/../../../../arm-none-eabi/lib/armv7e-m/fpu\libstdc++.a(si_class_type_info.o)
                0x0800d19c                __cxxabiv1::__si_class_type_info::~__si_class_type_info()
                0x0800d19c                __cxxabiv1::__si_class_type_info::~__si_class_type_info()
 .text._ZN10__cxxabiv120__si_class_type_infoD0Ev
                0x0800d1b0       0x1c c:/eclipse1/gnu arm/bin/../lib/gcc/arm-none-eabi/4.9.3/../../../../arm-none-eabi/lib/armv7e-m/fpu\libstdc++.a(si_class_type_info.o)
                0x0800d1b0                __cxxabiv1::__si_class_type_info::~__si_class_type_info()
 .text._ZNK10__cxxabiv120__si_class_type_info20__do_find_public_srcEiPKvPKNS_17__class_type_infoES2_
                0x0800d1cc       0x3c c:/eclipse1/gnu arm/bin/../lib/gcc/arm-none-eabi/4.9.3/../../../../arm-none-eabi/lib/armv7e-m/fpu\libstdc++.a(si_class_type_info.o)
                0x0800d1cc                __cxxabiv1::__si_class_type_info::__do_find_public_src(int, void const*, __cxxabiv1::__class_type_info const*, void const*) const
 .text._ZNK10__cxxabiv120__si_class_type_info12__do_dyncastEiNS_17__class_type_info10__sub_kindEPKS1_PKvS4_S6_RNS1_16__dyncast_resultE
                0x0800d208       0x88 c:/eclipse1/gnu arm/bin/../lib/gcc/arm-none-eabi/4.9.3/../../../../arm-none-eabi/lib/armv7e-m/fpu\libstdc++.a(si_class_type_info.o)
                0x0800d208                __cxxabiv1::__si_class_type_info::__do_dyncast(int, __cxxabiv1::__class_type_info::__sub_kind, __cxxabiv1::__class_type_info const*, void const*, __cxxabiv1::__class_type_info const*, void const*, __cxxabiv1::__class_type_info::__dyncast_result&) const
 .text._ZNK10__cxxabiv120__si_class_type_info11__do_upcastEPKNS_17__class_type_infoEPKvRNS1_15__upcast_resultE
                0x0800d290       0x2c c:/eclipse1/gnu arm/bin/../lib/gcc/arm-none-eabi/4.9.3/../../../../arm-none-eabi/lib/armv7e-m/fpu\libstdc++.a(si_class_type_info.o)
                0x0800d290                __cxxabiv1::__si_class_type_info::__do_upcast(__cxxabiv1::__class_type_info const*, void const*, __cxxabiv1::__class_type_info::__upcast_result&) const
 .text._ZNSt13bad_exceptionD2Ev
                0x0800d2bc        0x4 c:/eclipse1/gnu arm/bin/../lib/gcc/arm-none-eabi/4.9.3/../../../../arm-none-eabi/lib/armv7e-m/fpu\libstdc++.a(eh_exception.o)
                0x0800d2bc                std::bad_exception::~bad_exception()
                0x0800d2bc                std::bad_exception::~bad_exception()
 .text._ZNKSt13bad_exception4whatEv
                0x0800d2c0        0x8 c:/eclipse1/gnu arm/bin/../lib/gcc/arm-none-eabi/4.9.3/../../../../arm-none-eabi/lib/armv7e-m/fpu\libstdc++.a(eh_exception.o)
                0x0800d2c0                std::bad_exception::what() const
 .text._ZNSt13bad_exceptionD0Ev
                0x0800d2c8        0xc c:/eclipse1/gnu arm/bin/../lib/gcc/arm-none-eabi/4.9.3/../../../../arm-none-eabi/lib/armv7e-m/fpu\libstdc++.a(eh_exception.o)
                0x0800d2c8                std::bad_exception::~bad_exception()
 .text._ZN10__cxxabiv1L24__is_gxx_exception_classEPc
                0x0800d2d4       0x3c c:/eclipse1/gnu arm/bin/../lib/gcc/arm-none-eabi/4.9.3/../../../../arm-none-eabi/lib/armv7e-m/fpu\libstdc++.a(eh_call.o)
 .text.__cxa_call_terminate
                0x0800d310       0x20 c:/eclipse1/gnu arm/bin/../lib/gcc/arm-none-eabi/4.9.3/../../../../arm-none-eabi/lib/armv7e-m/fpu\libstdc++.a(eh_call.o)
                0x0800d310                __cxa_call_terminate
 .text.__cxa_call_unexpected
                0x0800d330       0xd4 c:/eclipse1/gnu arm/bin/../lib/gcc/arm-none-eabi/4.9.3/../../../../arm-none-eabi/lib/armv7e-m/fpu\libstdc++.a(eh_call.o)
                0x0800d330                __cxa_call_unexpected
 .text._ZNSt9type_infoD2Ev
                0x0800d404        0x4 c:/eclipse1/gnu arm/bin/../lib/gcc/arm-none-eabi/4.9.3/../../../../arm-none-eabi/lib/armv7e-m/fpu\libstdc++.a(tinfo.o)
                0x0800d404                std::type_info::~type_info()
                0x0800d404                std::type_info::~type_info()
 .text._ZNKSt9type_info14__is_pointer_pEv
                0x0800d408        0x4 c:/eclipse1/gnu arm/bin/../lib/gcc/arm-none-eabi/4.9.3/../../../../arm-none-eabi/lib/armv7e-m/fpu\libstdc++.a(tinfo.o)
                0x0800d408                std::type_info::__is_pointer_p() const
 .text._ZNKSt9type_info15__is_function_pEv
                0x0800d40c        0x4 c:/eclipse1/gnu arm/bin/../lib/gcc/arm-none-eabi/4.9.3/../../../../arm-none-eabi/lib/armv7e-m/fpu\libstdc++.a(tinfo.o)
                0x0800d40c                std::type_info::__is_function_p() const
 .text._ZNKSt9type_infoeqERKS_
                0x0800d410       0x2c c:/eclipse1/gnu arm/bin/../lib/gcc/arm-none-eabi/4.9.3/../../../../arm-none-eabi/lib/armv7e-m/fpu\libstdc++.a(tinfo.o)
                0x0800d410                std::type_info::operator==(std::type_info const&) const
 .text._ZL23__gxx_exception_cleanup19_Unwind_Reason_CodeP21_Unwind_Control_Block
                0x0800d43c       0x44 c:/eclipse1/gnu arm/bin/../lib/gcc/arm-none-eabi/4.9.3/../../../../arm-none-eabi/lib/armv7e-m/fpu\libstdc++.a(eh_throw.o)
 .text.__cxa_throw
                0x0800d480       0x80 c:/eclipse1/gnu arm/bin/../lib/gcc/arm-none-eabi/4.9.3/../../../../arm-none-eabi/lib/armv7e-m/fpu\libstdc++.a(eh_throw.o)
                0x0800d480                __cxa_throw
 .text.__cxa_rethrow
                0x0800d500       0x70 c:/eclipse1/gnu arm/bin/../lib/gcc/arm-none-eabi/4.9.3/../../../../arm-none-eabi/lib/armv7e-m/fpu\libstdc++.a(eh_throw.o)
                0x0800d500                __cxa_rethrow
 .text.__cxa_allocate_exception
                0x0800d570       0x58 c:/eclipse1/gnu arm/bin/../lib/gcc/arm-none-eabi/4.9.3/../../../../arm-none-eabi/lib/armv7e-m/fpu\libstdc++.a(eh_alloc.o)
                0x0800d570                __cxa_allocate_exception
 .text.__cxa_free_exception
                0x0800d5c8       0x30 c:/eclipse1/gnu arm/bin/../lib/gcc/arm-none-eabi/4.9.3/../../../../arm-none-eabi/lib/armv7e-m/fpu\libstdc++.a(eh_alloc.o)
                0x0800d5c8                __cxa_free_exception
 .text          0x0800d5f8      0x370 c:/eclipse1/gnu arm/bin/../lib/gcc/arm-none-eabi/4.9.3/armv7e-m/fpu\libgcc.a(_arm_addsubdf3.o)
                0x0800d5f8                __aeabi_drsub
                0x0800d600                __aeabi_dsub
                0x0800d600                __subdf3
                0x0800d604                __aeabi_dadd
                0x0800d604                __adddf3
                0x0800d87c                __floatunsidf
                0x0800d87c                __aeabi_ui2d
                0x0800d89c                __floatsidf
                0x0800d89c                __aeabi_i2d
                0x0800d8c0                __aeabi_f2d
                0x0800d8c0                __extendsfdf2
                0x0800d8fc                __floatundidf
                0x0800d8fc                __aeabi_ul2d
                0x0800d90c                __floatdidf
                0x0800d90c                __aeabi_l2d
 .text          0x0800d968      0x110 c:/eclipse1/gnu arm/bin/../lib/gcc/arm-none-eabi/4.9.3/armv7e-m/fpu\libgcc.a(_arm_cmpdf2.o)
                0x0800d968                __gtdf2
                0x0800d968                __gedf2
                0x0800d970                __ltdf2
                0x0800d970                __ledf2
                0x0800d978                __nedf2
                0x0800d978                __eqdf2
                0x0800d978                __cmpdf2
                0x0800d9f4                __aeabi_cdrcmple
                0x0800da04                __aeabi_cdcmpeq
                0x0800da04                __aeabi_cdcmple
                0x0800da14                __aeabi_dcmpeq
                0x0800da28                __aeabi_dcmplt
                0x0800da3c                __aeabi_dcmple
                0x0800da50                __aeabi_dcmpge
                0x0800da64                __aeabi_dcmpgt
 .text          0x0800da78      0xa50 c:/eclipse1/gnu arm/bin/../lib/gcc/arm-none-eabi/4.9.3/armv7e-m/fpu\libgcc.a(unwind-arm.o)
                0x0800dd54                _Unwind_GetCFA
                0x0800dd58                __gnu_Unwind_RaiseException
                0x0800ddb8                __gnu_Unwind_ForcedUnwind
                0x0800ddcc                __gnu_Unwind_Resume
                0x0800de10                __gnu_Unwind_Resume_or_Rethrow
                0x0800de20                _Unwind_Complete
                0x0800de24                _Unwind_DeleteException
                0x0800de30                _Unwind_VRS_Get
                0x0800de80                _Unwind_VRS_Set
                0x0800ded0                __gnu_Unwind_Backtrace
                0x0800e214                __aeabi_unwind_cpp_pr0
                0x0800e218                __aeabi_unwind_cpp_pr1
                0x0800e21c                __aeabi_unwind_cpp_pr2
                0x0800e220                _Unwind_VRS_Pop
 .text          0x0800e4c8      0x1ac c:/eclipse1/gnu arm/bin/../lib/gcc/arm-none-eabi/4.9.3/armv7e-m/fpu\libgcc.a(libunwind.o)
                0x0800e4c8                __restore_core_regs
                0x0800e4c8                restore_core_regs
                0x0800e4e0                __gnu_Unwind_Restore_VFP
                0x0800e4e8                __gnu_Unwind_Save_VFP
                0x0800e4f0                __gnu_Unwind_Restore_VFP_D
                0x0800e4f8                __gnu_Unwind_Save_VFP_D
                0x0800e500                __gnu_Unwind_Restore_VFP_D_16_to_31
                0x0800e508                __gnu_Unwind_Save_VFP_D_16_to_31
                0x0800e510                __gnu_Unwind_Restore_WMMXD
                0x0800e554                __gnu_Unwind_Save_WMMXD
                0x0800e598                __gnu_Unwind_Restore_WMMXC
                0x0800e5ac                __gnu_Unwind_Save_WMMXC
                0x0800e5c0                ___Unwind_RaiseException
                0x0800e5c0                _Unwind_RaiseException
                0x0800e5e4                _Unwind_Resume
                0x0800e5e4                ___Unwind_Resume
                0x0800e608                _Unwind_Resume_or_Rethrow
                0x0800e608                ___Unwind_Resume_or_Rethrow
                0x0800e62c                _Unwind_ForcedUnwind
                0x0800e62c                ___Unwind_ForcedUnwind
                0x0800e650                ___Unwind_Backtrace
                0x0800e650                _Unwind_Backtrace
 .text          0x0800e674      0x37c c:/eclipse1/gnu arm/bin/../lib/gcc/arm-none-eabi/4.9.3/armv7e-m/fpu\libgcc.a(pr-support.o)
                0x0800e6cc                __gnu_unwind_execute
                0x0800e998                __gnu_unwind_frame
                0x0800e9c0                _Unwind_GetRegionStart
                0x0800e9cc                _Unwind_GetLanguageSpecificData
                0x0800e9e0                _Unwind_GetDataRelBase
                0x0800e9e8                _Unwind_GetTextRelBase
 .text.abort    0x0800e9f0       0x10 c:/eclipse1/gnu arm/bin/../lib/gcc/arm-none-eabi/4.9.3/../../../../arm-none-eabi/lib/armv7e-m/fpu\libg.a(lib_a-abort.o)
                0x0800e9f0                abort
 .text.__cxa_atexit
                0x0800ea00       0x14 c:/eclipse1/gnu arm/bin/../lib/gcc/arm-none-eabi/4.9.3/../../../../arm-none-eabi/lib/armv7e-m/fpu\libg.a(lib_a-cxa_atexit.o)
                0x0800ea00                __cxa_atexit
 .text.malloc   0x0800ea14       0x10 c:/eclipse1/gnu arm/bin/../lib/gcc/arm-none-eabi/4.9.3/../../../../arm-none-eabi/lib/armv7e-m/fpu\libg.a(lib_a-malloc.o)
                0x0800ea14                malloc
 .text.free     0x0800ea24       0x10 c:/eclipse1/gnu arm/bin/../lib/gcc/arm-none-eabi/4.9.3/../../../../arm-none-eabi/lib/armv7e-m/fpu\libg.a(lib_a-malloc.o)
                0x0800ea24                free
 .text._malloc_r
                0x0800ea34      0x524 c:/eclipse1/gnu arm/bin/../lib/gcc/arm-none-eabi/4.9.3/../../../../arm-none-eabi/lib/armv7e-m/fpu\libg.a(lib_a-mallocr.o)
                0x0800ea34                _malloc_r
 .text          0x0800ef58      0x134 c:/eclipse1/gnu arm/bin/../lib/gcc/arm-none-eabi/4.9.3/../../../../arm-none-eabi/lib/armv7e-m/fpu\libg.a(lib_a-memcpy.o)
                0x0800ef58                memcpy
 .text.memset   0x0800f08c       0x9c c:/eclipse1/gnu arm/bin/../lib/gcc/arm-none-eabi/4.9.3/../../../../arm-none-eabi/lib/armv7e-m/fpu\libg.a(lib_a-memset.o)
                0x0800f08c                memset
 .text.__malloc_lock
                0x0800f128        0x4 c:/eclipse1/gnu arm/bin/../lib/gcc/arm-none-eabi/4.9.3/../../../../arm-none-eabi/lib/armv7e-m/fpu\libg.a(lib_a-mlock.o)
                0x0800f128                __malloc_lock
 .text.__malloc_unlock
                0x0800f12c        0x4 c:/eclipse1/gnu arm/bin/../lib/gcc/arm-none-eabi/4.9.3/../../../../arm-none-eabi/lib/armv7e-m/fpu\libg.a(lib_a-mlock.o)
                0x0800f12c                __malloc_unlock
 .text._sbrk_r  0x0800f130       0x24 c:/eclipse1/gnu arm/bin/../lib/gcc/arm-none-eabi/4.9.3/../../../../arm-none-eabi/lib/armv7e-m/fpu\libg.a(lib_a-sbrkr.o)
                0x0800f130                _sbrk_r
 .text._raise_r
                0x0800f154       0x58 c:/eclipse1/gnu arm/bin/../lib/gcc/arm-none-eabi/4.9.3/../../../../arm-none-eabi/lib/armv7e-m/fpu\libg.a(lib_a-signal.o)
                0x0800f154                _raise_r
 .text.raise    0x0800f1ac       0x10 c:/eclipse1/gnu arm/bin/../lib/gcc/arm-none-eabi/4.9.3/../../../../arm-none-eabi/lib/armv7e-m/fpu\libg.a(lib_a-signal.o)
                0x0800f1ac                raise
 .text._kill_r  0x0800f1bc       0x28 c:/eclipse1/gnu arm/bin/../lib/gcc/arm-none-eabi/4.9.3/../../../../arm-none-eabi/lib/armv7e-m/fpu\libg.a(lib_a-signalr.o)
                0x0800f1bc                _kill_r
 .text._getpid_r
                0x0800f1e4        0x4 c:/eclipse1/gnu arm/bin/../lib/gcc/arm-none-eabi/4.9.3/../../../../arm-none-eabi/lib/armv7e-m/fpu\libg.a(lib_a-signalr.o)
                0x0800f1e4                _getpid_r
 *fill*         0x0800f1e8       0x18 
 .text          0x0800f200      0x2e0 c:/eclipse1/gnu arm/bin/../lib/gcc/arm-none-eabi/4.9.3/../../../../arm-none-eabi/lib/armv7e-m/fpu\libg.a(lib_a-strcmp.o)
                0x0800f208                strcmp
 .text.__register_exitproc
                0x0800f4e0       0xa4 c:/eclipse1/gnu arm/bin/../lib/gcc/arm-none-eabi/4.9.3/../../../../arm-none-eabi/lib/armv7e-m/fpu\libg.a(lib_a-__atexit.o)
                0x0800f4e0                __register_exitproc
 .text.startup.register_fini
                0x0800f584       0x14 c:/eclipse1/gnu arm/bin/../lib/gcc/arm-none-eabi/4.9.3/../../../../arm-none-eabi/lib/armv7e-m/fpu\libg.a(lib_a-__call_atexit.o)
 .text.atexit   0x0800f598        0xc c:/eclipse1/gnu arm/bin/../lib/gcc/arm-none-eabi/4.9.3/../../../../arm-none-eabi/lib/armv7e-m/fpu\libg.a(lib_a-atexit.o)
                0x0800f598                atexit
 .text.__libc_fini_array
                0x0800f5a4       0x2c c:/eclipse1/gnu arm/bin/../lib/gcc/arm-none-eabi/4.9.3/../../../../arm-none-eabi/lib/armv7e-m/fpu\libg.a(lib_a-fini.o)
                0x0800f5a4                __libc_fini_array
 .text._malloc_trim_r
                0x0800f5d0       0x9c c:/eclipse1/gnu arm/bin/../lib/gcc/arm-none-eabi/4.9.3/../../../../arm-none-eabi/lib/armv7e-m/fpu\libg.a(lib_a-freer.o)
                0x0800f5d0                _malloc_trim_r
 .text._free_r  0x0800f66c      0x1b0 c:/eclipse1/gnu arm/bin/../lib/gcc/arm-none-eabi/4.9.3/../../../../arm-none-eabi/lib/armv7e-m/fpu\libg.a(lib_a-freer.o)
                0x0800f66c                _free_r
 .text._getpid  0x0800f81c       0x10 c:/eclipse1/gnu arm/bin/../lib/gcc/arm-none-eabi/4.9.3/../../../../arm-none-eabi/lib/armv7e-m/fpu\libnosys.a(getpid.o)
                0x0800f81c                _getpid
 .text._kill    0x0800f82c       0x10 c:/eclipse1/gnu arm/bin/../lib/gcc/arm-none-eabi/4.9.3/../../../../arm-none-eabi/lib/armv7e-m/fpu\libnosys.a(kill.o)
                0x0800f82c                _kill
 .text._exit    0x0800f83c        0x4 c:/eclipse1/gnu arm/bin/../lib/gcc/arm-none-eabi/4.9.3/../../../../arm-none-eabi/lib/armv7e-m/fpu\libnosys.a(_exit.o)
                0x0800f83c                _exit
 *(.init)
 .init          0x0800f840        0x4 c:/eclipse1/gnu arm/bin/../lib/gcc/arm-none-eabi/4.9.3/armv7e-m/fpu/crti.o
                0x0800f840                _init
 .init          0x0800f844        0x8 c:/eclipse1/gnu arm/bin/../lib/gcc/arm-none-eabi/4.9.3/armv7e-m/fpu/crtn.o
 *(.fini)
 .fini          0x0800f84c        0x4 c:/eclipse1/gnu arm/bin/../lib/gcc/arm-none-eabi/4.9.3/armv7e-m/fpu/crti.o
                0x0800f84c                _fini
 .fini          0x0800f850        0x8 c:/eclipse1/gnu arm/bin/../lib/gcc/arm-none-eabi/4.9.3/armv7e-m/fpu/crtn.o
 *crtbegin.o(.ctors)
 *crtbegin?.o(.ctors)
 *(EXCLUDE_FILE(*crtend.o *crtend?.o) .ctors)
 *(SORT(.ctors.*))
 *(.ctors)
 *crtbegin.o(.dtors)
 *crtbegin?.o(.dtors)
 *(EXCLUDE_FILE(*crtend.o *crtend?.o) .dtors)
 *(SORT(.dtors.*))
 *(.dtors)
 *(.eh_frame*)
 .eh_frame      0x0800f858        0x0 c:/eclipse1/gnu arm/bin/../lib/gcc/arm-none-eabi/4.9.3/armv7e-m/fpu/crtbegin.o
 .eh_frame      0x0800f858       0x70 c:/eclipse1/gnu arm/bin/../lib/gcc/arm-none-eabi/4.9.3/../../../../arm-none-eabi/lib/armv7e-m/fpu\libg.a(lib_a-strcmp.o)
 .eh_frame      0x0800f8c8        0x4 c:/eclipse1/gnu arm/bin/../lib/gcc/arm-none-eabi/4.9.3/armv7e-m/fpu/crtend.o

.glue_7         0x0800f8cc        0x0
 .glue_7        0x00000000        0x0 linker stubs

.glue_7t        0x0800f8cc        0x0
 .glue_7t       0x00000000        0x0 linker stubs

.vfp11_veneer   0x0800f8cc        0x0
 .vfp11_veneer  0x00000000        0x0 linker stubs

.v4_bx          0x0800f8cc        0x0
 .v4_bx         0x00000000        0x0 linker stubs

.iplt           0x0800f8cc        0x0
 .iplt          0x00000000        0x0 c:/eclipse1/gnu arm/bin/../lib/gcc/arm-none-eabi/4.9.3/armv7e-m/fpu/crtbegin.o

.ARM.extab      0x0800f8cc      0x158
 *(.ARM.extab* .gnu.linkonce.armextab.*)
 .ARM.extab.text._ZN9HyroMotor14calculateXYAlfEPlS0_Pf
                0x0800f8cc        0xc ./Application/HyroMotor.o
 .ARM.extab.text.USART3_IRQHandler
                0x0800f8d8        0xc ./Application/HyroMotor.o
 .ARM.extab.text.UART4_IRQHandler
                0x0800f8e4        0xc ./Application/HyroMotor.o
 .ARM.extab.text._ZN12ReadEncoders3runEv
                0x0800f8f0        0xc ./Application/ReadEncoders.o
 .ARM.extab.text.USART6_IRQHandler
                0x0800f8fc        0xc ./Application/USBUserInterface.o
 .ARM.extab.text.startup.main
                0x0800f908       0x48 ./main.o
 .ARM.extab.text._ZN10__cxxabiv111__terminateEPFvvE
                0x0800f950       0x2c c:/eclipse1/gnu arm/bin/../lib/gcc/arm-none-eabi/4.9.3/../../../../arm-none-eabi/lib/armv7e-m/fpu\libstdc++.a(eh_terminate.o)
 .ARM.extab.text._ZN10__cxxabiv112__unexpectedEPFvvE
                0x0800f97c        0xc c:/eclipse1/gnu arm/bin/../lib/gcc/arm-none-eabi/4.9.3/../../../../arm-none-eabi/lib/armv7e-m/fpu\libstdc++.a(eh_terminate.o)
 .ARM.extab.text._ZSt10unexpectedv
                0x0800f988        0xc c:/eclipse1/gnu arm/bin/../lib/gcc/arm-none-eabi/4.9.3/../../../../arm-none-eabi/lib/armv7e-m/fpu\libstdc++.a(eh_terminate.o)
 .ARM.extab.text.__cxa_begin_catch
                0x0800f994       0x20 c:/eclipse1/gnu arm/bin/../lib/gcc/arm-none-eabi/4.9.3/../../../../arm-none-eabi/lib/armv7e-m/fpu\libstdc++.a(eh_catch.o)
 .ARM.extab.text._ZL21base_of_encoded_valuehP15_Unwind_Context
                0x0800f9b4        0xc c:/eclipse1/gnu arm/bin/../lib/gcc/arm-none-eabi/4.9.3/../../../../arm-none-eabi/lib/armv7e-m/fpu\libstdc++.a(eh_personality.o)
 .ARM.extab.text.__gxx_personality_v0
                0x0800f9c0       0x24 c:/eclipse1/gnu arm/bin/../lib/gcc/arm-none-eabi/4.9.3/../../../../arm-none-eabi/lib/armv7e-m/fpu\libstdc++.a(eh_personality.o)
 .ARM.extab.text.__cxa_call_unexpected
                0x0800f9e4       0x28 c:/eclipse1/gnu arm/bin/../lib/gcc/arm-none-eabi/4.9.3/../../../../arm-none-eabi/lib/armv7e-m/fpu\libstdc++.a(eh_call.o)
 .ARM.extab     0x0800fa0c       0x18 c:/eclipse1/gnu arm/bin/../lib/gcc/arm-none-eabi/4.9.3/armv7e-m/fpu\libgcc.a(pr-support.o)
                0x0800fa24                __exidx_start = .

.ARM.exidx      0x0800fa24      0x380
 *(.ARM.exidx* .gnu.linkonce.armexidx.*)
 .ARM.exidx.text._ZN5cRTOSC2Ev
                0x0800fa24        0x8 ./FreeRtos/wrapper/frtosWrapper.o
 .ARM.exidx.text._ZNK5cRTOS14startSchedulerEv
                0x0800fa2c        0x0 ./FreeRtos/wrapper/frtosWrapper.o
                                  0x8 (size before relaxing)
 .ARM.exidx.text._ZN5cRTOS12fromMsToTickEf
                0x0800fa2c        0x0 ./FreeRtos/wrapper/frtosWrapper.o
                                  0x8 (size before relaxing)
 .ARM.exidx.text._ZN5cRTOS13fromSecToTickEf
                0x0800fa2c        0x0 ./FreeRtos/wrapper/frtosWrapper.o
                                  0x8 (size before relaxing)
 .ARM.exidx.text._ZN5cRTOS7addTaskEP13iActiveObject
                0x0800fa2c        0x0 ./FreeRtos/wrapper/frtosWrapper.o
                                  0x8 (size before relaxing)
 .ARM.exidx.text._ZN13iActiveObject12taskFunctionEPKv
                0x0800fa2c        0x0 ./FreeRtos/wrapper/iActiveObject.o
                                  0x8 (size before relaxing)
 .ARM.exidx.text._ZN13iActiveObject10taskCreateEjmPKc
                0x0800fa2c        0x8 ./FreeRtos/wrapper/iActiveObject.o
 .ARM.exidx.text._ZN13iActiveObject10taskResumeEv
                0x0800fa34        0x8 ./FreeRtos/wrapper/iActiveObject.o
 .ARM.exidx.text._ZN13iActiveObject6wakeupEv
                0x0800fa3c        0x0 ./FreeRtos/wrapper/iActiveObject.o
                                  0x8 (size before relaxing)
 .ARM.exidx.text._ZN13iActiveObject11taskSuspendEv
                0x0800fa3c        0x0 ./FreeRtos/wrapper/iActiveObject.o
                                  0x8 (size before relaxing)
 .ARM.exidx.text._ZN13iActiveObject15prepareForSleepEv
                0x0800fa3c        0x8 ./FreeRtos/wrapper/iActiveObject.o
 .ARM.exidx.text._ZN13iActiveObject9taskDelayEm
                0x0800fa44        0x8 ./FreeRtos/wrapper/iActiveObject.o
 .ARM.exidx.text._ZN13iActiveObject14taskDelayUntilEPmm
                0x0800fa4c        0x0 ./FreeRtos/wrapper/iActiveObject.o
                                  0x8 (size before relaxing)
 .ARM.exidx.text._ZN13iActiveObjectC2Ev
                0x0800fa4c        0x0 ./FreeRtos/wrapper/iActiveObject.o
                                  0x8 (size before relaxing)
 .ARM.exidx.text._ZN18BatteryChargeAskerD2Ev
                0x0800fa4c        0x0 ./Application/BatteryChargeAsker.o
                                  0x8 (size before relaxing)
 .ARM.exidx.text._ZN18BatteryChargeAskerD0Ev
                0x0800fa4c        0x0 ./Application/BatteryChargeAsker.o
                                  0x8 (size before relaxing)
 .ARM.exidx.text._ZN18BatteryChargeAsker3runEv
                0x0800fa4c        0x8 ./Application/BatteryChargeAsker.o
 .ARM.exidx.text._ZN18BatteryChargeAskerC2Ev
                0x0800fa54        0x8 ./Application/BatteryChargeAsker.o
 .ARM.exidx.text._ZN18BatteryChargeAsker9getChargeEv
                0x0800fa5c        0x8 ./Application/BatteryChargeAsker.o
 .ARM.exidx.text._ZN18CollisionAvoidanceD2Ev
                0x0800fa64        0x0 ./Application/CollisionAvoidance.o
                                  0x8 (size before relaxing)
 .ARM.exidx.text._ZN18CollisionAvoidanceD0Ev
                0x0800fa64        0x0 ./Application/CollisionAvoidance.o
                                  0x8 (size before relaxing)
 .ARM.exidx.text._ZN18CollisionAvoidanceC2Ev
                0x0800fa64        0x8 ./Application/CollisionAvoidance.o
 .ARM.exidx.text._ZN18CollisionAvoidance9partitionEPhhh
                0x0800fa6c        0x8 ./Application/CollisionAvoidance.o
 .ARM.exidx.text._ZN18CollisionAvoidance12quick_selectEPhhhh
                0x0800fa74        0x0 ./Application/CollisionAvoidance.o
                                  0x8 (size before relaxing)
 .ARM.exidx.text._ZN18CollisionAvoidance22calculateDistanceQsortEPhh
                0x0800fa74        0x0 ./Application/CollisionAvoidance.o
                                  0x8 (size before relaxing)
 .ARM.exidx.text._ZN18CollisionAvoidance3runEv
                0x0800fa74        0x8 ./Application/CollisionAvoidance.o
 .ARM.exidx.text._ZN18CollisionAvoidance11getDistanceEPh
                0x0800fa7c        0x8 ./Application/CollisionAvoidance.o
 .ARM.exidx.text.EXTI15_10_IRQHandler
                0x0800fa84        0x8 ./Application/CollisionAvoidance.o
 .ARM.exidx.text._ZN16CollisionHandlerD2Ev
                0x0800fa8c        0x8 ./Application/CollisionHandler.o
 .ARM.exidx.text._ZN16CollisionHandlerD0Ev
                0x0800fa94        0x0 ./Application/CollisionHandler.o
                                  0x8 (size before relaxing)
 .ARM.exidx.text._ZN16CollisionHandler3runEv
                0x0800fa94        0x8 ./Application/CollisionHandler.o
 .ARM.exidx.text._ZN16CollisionHandlerC2Ev
                0x0800fa9c        0x8 ./Application/CollisionHandler.o
 .ARM.exidx.text._ZN16CollisionHandler9getStatusEv
                0x0800faa4        0x8 ./Application/CollisionHandler.o
 .ARM.exidx.text._ZN9HyroMotorD2Ev
                0x0800faac        0x0 ./Application/HyroMotor.o
                                  0x8 (size before relaxing)
 .ARM.exidx.text._ZN9HyroMotorD0Ev
                0x0800faac        0x0 ./Application/HyroMotor.o
                                  0x8 (size before relaxing)
 .ARM.exidx.text._ZN9HyroMotorC2Ev
                0x0800faac        0x8 ./Application/HyroMotor.o
 .ARM.exidx.text._ZN9HyroMotor9delayPortEm
                0x0800fab4        0x8 ./Application/HyroMotor.o
 .ARM.exidx.text._ZN9HyroMotor17taskNotifyFromISREl
                0x0800fabc        0x8 ./Application/HyroMotor.o
 .ARM.exidx.text._ZN9HyroMotor9switchPinEv
                0x0800fac4        0x8 ./Application/HyroMotor.o
 .ARM.exidx.text._ZN9HyroMotor21robotSpeed2WheelSpeedEPfPs
                0x0800facc        0x8 ./Application/HyroMotor.o
 .ARM.exidx.text._ZN9HyroMotor14calculateXYAlfEPlS0_Pf
                0x0800fad4        0x8 ./Application/HyroMotor.o
 .ARM.exidx.text._ZN9HyroMotor17getWhCurColStatusEv
                0x0800fadc        0x8 ./Application/HyroMotor.o
 .ARM.exidx.text._ZN9HyroMotor14getWhPowStatusEv
                0x0800fae4        0x0 ./Application/HyroMotor.o
                                  0x8 (size before relaxing)
 .ARM.exidx.text._ZN9HyroMotor8setSpeedEPh
                0x0800fae4        0x0 ./Application/HyroMotor.o
                                  0x8 (size before relaxing)